192.168.10.181 - - [14/Jul/2024:13:28:44 +0800] "GET /api/club/detail?clubId=2 HTTP/1.1" 200 230 "http://192.168.10.166/activity?activityId=3" "Mozilla/5.0 (Windows NT 10.0; Win64; x64) AppleWebKit/537.36 (KHTML, like Gecko) Chrome/126.0.0.0 Safari/537.36 Edg/126.0.0.0"
192.168.30.103 - - [14/Jul/2024:13:28:44 +0800] "GET /api/activity/enroll?activityId=2 HTTP/1.1" 200 70 "http://192.168.10.166/activity?activityId=2" "Mozilla/5.0 (Windows NT 10.0; Win64; x64) AppleWebKit/537.36 (KHTML, like Gecko) Chrome/126.0.0.0 Safari/537.36"
192.168.10.181 - - [14/Jul/2024:13:28:45 +0800] "GET /api/activity/enroll?activityId=3 HTTP/1.1" 200 58 "http://192.168.10.166/activity?activityId=3" "Mozilla/5.0 (Windows NT 10.0; Win64; x64) AppleWebKit/537.36 (KHTML, like Gecko) Chrome/126.0.0.0 Safari/537.36 Edg/126.0.0.0"
192.168.10.181 - - [14/Jul/2024:13:28:45 +0800] "GET /api/activity/detail?activityId=3 HTTP/1.1" 200 295 "http://192.168.10.166/activity?activityId=3" "Mozilla/5.0 (Windows NT 10.0; Win64; x64) AppleWebKit/537.36 (KHTML, like Gecko) Chrome/126.0.0.0 Safari/537.36 Edg/126.0.0.0"
192.168.10.181 - - [14/Jul/2024:13:28:45 +0800] "GET /api/user/detail?userId=6 HTTP/1.1" 200 268 "http://192.168.10.166/activity?activityId=3" "Mozilla/5.0 (Windows NT 10.0; Win64; x64) AppleWebKit/537.36 (KHTML, like Gecko) Chrome/126.0.0.0 Safari/537.36 Edg/126.0.0.0"
192.168.10.181 - - [14/Jul/2024:13:28:45 +0800] "GET /api/club/detail?clubId=2 HTTP/1.1" 200 230 "http://192.168.10.166/activity?activityId=3" "Mozilla/5.0 (Windows NT 10.0; Win64; x64) AppleWebKit/537.36 (KHTML, like Gecko) Chrome/126.0.0.0 Safari/537.36 Edg/126.0.0.0"
192.168.30.103 - - [14/Jul/2024:13:28:46 +0800] "GET /api/activity/withdraw?activityId=2 HTTP/1.1" 200 58 "http://192.168.10.166/activity?activityId=2" "Mozilla/5.0 (Windows NT 10.0; Win64; x64) AppleWebKit/537.36 (KHTML, like Gecko) Chrome/126.0.0.0 Safari/537.36"
192.168.30.103 - - [14/Jul/2024:13:28:46 +0800] "GET /api/activity/detail?activityId=2 HTTP/1.1" 200 310 "http://192.168.10.166/activity?activityId=2" "Mozilla/5.0 (Windows NT 10.0; Win64; x64) AppleWebKit/537.36 (KHTML, like Gecko) Chrome/126.0.0.0 Safari/537.36"
192.168.30.103 - - [14/Jul/2024:13:28:46 +0800] "GET /api/user/detail?userId=3 HTTP/1.1" 200 166 "http://192.168.10.166/activity?activityId=2" "Mozilla/5.0 (Windows NT 10.0; Win64; x64) AppleWebKit/537.36 (KHTML, like Gecko) Chrome/126.0.0.0 Safari/537.36"
192.168.30.103 - - [14/Jul/2024:13:28:46 +0800] "GET /api/club/detail?clubId=2 HTTP/1.1" 200 230 "http://192.168.10.166/activity?activityId=2" "Mozilla/5.0 (Windows NT 10.0; Win64; x64) AppleWebKit/537.36 (KHTML, like Gecko) Chrome/126.0.0.0 Safari/537.36"
192.168.10.181 - - [14/Jul/2024:13:28:48 +0800] "GET /api/user/userinfo HTTP/1.1" 200 176 "http://192.168.10.166/main/activity" "Mozilla/5.0 (Windows NT 10.0; Win64; x64) AppleWebKit/537.36 (KHTML, like Gecko) Chrome/126.0.0.0 Safari/537.36 Edg/126.0.0.0"
192.168.30.103 - - [14/Jul/2024:13:28:49 +0800] "GET /api/activity/enroll?activityId=2 HTTP/1.1" 200 58 "http://192.168.10.166/activity?activityId=2" "Mozilla/5.0 (Windows NT 10.0; Win64; x64) AppleWebKit/537.36 (KHTML, like Gecko) Chrome/126.0.0.0 Safari/537.36"
192.168.30.103 - - [14/Jul/2024:13:28:49 +0800] "GET /api/activity/detail?activityId=2 HTTP/1.1" 200 310 "http://192.168.10.166/activity?activityId=2" "Mozilla/5.0 (Windows NT 10.0; Win64; x64) AppleWebKit/537.36 (KHTML, like Gecko) Chrome/126.0.0.0 Safari/537.36"
192.168.30.103 - - [14/Jul/2024:13:28:49 +0800] "GET /api/user/detail?userId=3 HTTP/1.1" 200 166 "http://192.168.10.166/activity?activityId=2" "Mozilla/5.0 (Windows NT 10.0; Win64; x64) AppleWebKit/537.36 (KHTML, like Gecko) Chrome/126.0.0.0 Safari/537.36"
192.168.30.103 - - [14/Jul/2024:13:28:49 +0800] "GET /api/club/detail?clubId=2 HTTP/1.1" 200 230 "http://192.168.10.166/activity?activityId=2" "Mozilla/5.0 (Windows NT 10.0; Win64; x64) AppleWebKit/537.36 (KHTML, like Gecko) Chrome/126.0.0.0 Safari/537.36"
192.168.10.181 - - [14/Jul/2024:13:28:50 +0800] "GET /api/activity/detail?activityId=2 HTTP/1.1" 200 310 "http://192.168.10.166/activity?activityId=2" "Mozilla/5.0 (Windows NT 10.0; Win64; x64) AppleWebKit/537.36 (KHTML, like Gecko) Chrome/126.0.0.0 Safari/537.36 Edg/126.0.0.0"
192.168.10.181 - - [14/Jul/2024:13:28:50 +0800] "GET /api/activity/comment?activityId=2 HTTP/1.1" 200 602 "http://192.168.10.166/activity?activityId=2" "Mozilla/5.0 (Windows NT 10.0; Win64; x64) AppleWebKit/537.36 (KHTML, like Gecko) Chrome/126.0.0.0 Safari/537.36 Edg/126.0.0.0"
192.168.10.181 - - [14/Jul/2024:13:28:50 +0800] "GET /api/user/detail?userId=3 HTTP/1.1" 200 166 "http://192.168.10.166/activity?activityId=2" "Mozilla/5.0 (Windows NT 10.0; Win64; x64) AppleWebKit/537.36 (KHTML, like Gecko) Chrome/126.0.0.0 Safari/537.36 Edg/126.0.0.0"
192.168.10.181 - - [14/Jul/2024:13:28:50 +0800] "GET /api/club/detail?clubId=2 HTTP/1.1" 200 230 "http://192.168.10.166/activity?activityId=2" "Mozilla/5.0 (Windows NT 10.0; Win64; x64) AppleWebKit/537.36 (KHTML, like Gecko) Chrome/126.0.0.0 Safari/537.36 Edg/126.0.0.0"
192.168.30.103 - - [14/Jul/2024:13:28:51 +0800] "GET /api/user/userinfo HTTP/1.1" 200 274 "http://192.168.10.166/main/activity" "Mozilla/5.0 (Windows NT 10.0; Win64; x64) AppleWebKit/537.36 (KHTML, like Gecko) Chrome/126.0.0.0 Safari/537.36"
192.168.10.181 - - [14/Jul/2024:13:28:52 +0800] "GET /api/activity/enroll?activityId=2 HTTP/1.1" 200 58 "http://192.168.10.166/activity?activityId=2" "Mozilla/5.0 (Windows NT 10.0; Win64; x64) AppleWebKit/537.36 (KHTML, like Gecko) Chrome/126.0.0.0 Safari/537.36 Edg/126.0.0.0"
192.168.10.181 - - [14/Jul/2024:13:28:52 +0800] "GET /api/activity/detail?activityId=2 HTTP/1.1" 200 310 "http://192.168.10.166/activity?activityId=2" "Mozilla/5.0 (Windows NT 10.0; Win64; x64) AppleWebKit/537.36 (KHTML, like Gecko) Chrome/126.0.0.0 Safari/537.36 Edg/126.0.0.0"
192.168.10.181 - - [14/Jul/2024:13:28:52 +0800] "GET /api/user/detail?userId=3 HTTP/1.1" 200 166 "http://192.168.10.166/activity?activityId=2" "Mozilla/5.0 (Windows NT 10.0; Win64; x64) AppleWebKit/537.36 (KHTML, like Gecko) Chrome/126.0.0.0 Safari/537.36 Edg/126.0.0.0"
192.168.10.181 - - [14/Jul/2024:13:28:52 +0800] "GET /api/club/detail?clubId=2 HTTP/1.1" 200 230 "http://192.168.10.166/activity?activityId=2" "Mozilla/5.0 (Windows NT 10.0; Win64; x64) AppleWebKit/537.36 (KHTML, like Gecko) Chrome/126.0.0.0 Safari/537.36 Edg/126.0.0.0"
192.168.10.181 - - [14/Jul/2024:13:28:53 +0800] "GET /api/user/userinfo HTTP/1.1" 200 176 "http://192.168.10.166/main/activity" "Mozilla/5.0 (Windows NT 10.0; Win64; x64) AppleWebKit/537.36 (KHTML, like Gecko) Chrome/126.0.0.0 Safari/537.36 Edg/126.0.0.0"
192.168.10.181 - - [14/Jul/2024:13:28:58 +0800] "GET /api/activity/comment?activityId=9 HTTP/1.1" 200 56 "http://192.168.10.166/activity?activityId=9" "Mozilla/5.0 (Windows NT 10.0; Win64; x64) AppleWebKit/537.36 (KHTML, like Gecko) Chrome/126.0.0.0 Safari/537.36 Edg/126.0.0.0"
192.168.10.181 - - [14/Jul/2024:13:28:58 +0800] "GET /api/activity/detail?activityId=9 HTTP/1.1" 200 295 "http://192.168.10.166/activity?activityId=9" "Mozilla/5.0 (Windows NT 10.0; Win64; x64) AppleWebKit/537.36 (KHTML, like Gecko) Chrome/126.0.0.0 Safari/537.36 Edg/126.0.0.0"
192.168.10.181 - - [14/Jul/2024:13:28:58 +0800] "GET /api/user/detail?userId=6 HTTP/1.1" 200 268 "http://192.168.10.166/activity?activityId=9" "Mozilla/5.0 (Windows NT 10.0; Win64; x64) AppleWebKit/537.36 (KHTML, like Gecko) Chrome/126.0.0.0 Safari/537.36 Edg/126.0.0.0"
192.168.10.181 - - [14/Jul/2024:13:28:58 +0800] "GET /api/club/detail?clubId=2 HTTP/1.1" 200 230 "http://192.168.10.166/activity?activityId=9" "Mozilla/5.0 (Windows NT 10.0; Win64; x64) AppleWebKit/537.36 (KHTML, like Gecko) Chrome/126.0.0.0 Safari/537.36 Edg/126.0.0.0"
192.168.30.103 - - [14/Jul/2024:13:29:00 +0800] "GET /assets/login_bg-BNZo0NzC.jpg HTTP/1.1" 304 0 "http://192.168.10.166/assets/index-BtGLBwza.css" "Mozilla/5.0 (Windows NT 10.0; Win64; x64) AppleWebKit/537.36 (KHTML, like Gecko) Chrome/126.0.0.0 Safari/537.36"
192.168.10.181 - - [14/Jul/2024:13:29:00 +0800] "GET /api/activity/enroll?activityId=9 HTTP/1.1" 200 58 "http://192.168.10.166/activity?activityId=9" "Mozilla/5.0 (Windows NT 10.0; Win64; x64) AppleWebKit/537.36 (KHTML, like Gecko) Chrome/126.0.0.0 Safari/537.36 Edg/126.0.0.0"
192.168.10.181 - - [14/Jul/2024:13:29:00 +0800] "GET /api/activity/detail?activityId=9 HTTP/1.1" 200 295 "http://192.168.10.166/activity?activityId=9" "Mozilla/5.0 (Windows NT 10.0; Win64; x64) AppleWebKit/537.36 (KHTML, like Gecko) Chrome/126.0.0.0 Safari/537.36 Edg/126.0.0.0"
192.168.10.181 - - [14/Jul/2024:13:29:00 +0800] "GET /api/user/detail?userId=6 HTTP/1.1" 200 268 "http://192.168.10.166/activity?activityId=9" "Mozilla/5.0 (Windows NT 10.0; Win64; x64) AppleWebKit/537.36 (KHTML, like Gecko) Chrome/126.0.0.0 Safari/537.36 Edg/126.0.0.0"
192.168.10.181 - - [14/Jul/2024:13:29:00 +0800] "GET /api/club/detail?clubId=2 HTTP/1.1" 200 230 "http://192.168.10.166/activity?activityId=9" "Mozilla/5.0 (Windows NT 10.0; Win64; x64) AppleWebKit/537.36 (KHTML, like Gecko) Chrome/126.0.0.0 Safari/537.36 Edg/126.0.0.0"
192.168.30.103 - - [14/Jul/2024:13:29:09 +0800] "POST /api/user/login HTTP/1.1" 200 236 "http://192.168.10.166/login" "Mozilla/5.0 (Windows NT 10.0; Win64; x64) AppleWebKit/537.36 (KHTML, like Gecko) Chrome/126.0.0.0 Safari/537.36"
192.168.30.103 - - [14/Jul/2024:13:29:10 +0800] "GET /api/user/userinfo HTTP/1.1" 200 313 "http://192.168.10.166/main/activity" "Mozilla/5.0 (Windows NT 10.0; Win64; x64) AppleWebKit/537.36 (KHTML, like Gecko) Chrome/126.0.0.0 Safari/537.36"
192.168.10.181 - - [14/Jul/2024:13:29:12 +0800] "POST /api/activity/comment HTTP/1.1" 200 58 "http://192.168.10.166/activity?activityId=9" "Mozilla/5.0 (Windows NT 10.0; Win64; x64) AppleWebKit/537.36 (KHTML, like Gecko) Chrome/126.0.0.0 Safari/537.36 Edg/126.0.0.0"
192.168.10.181 - - [14/Jul/2024:13:29:12 +0800] "GET /api/activity/comment?activityId=9 HTTP/1.1" 200 209 "http://192.168.10.166/activity?activityId=9" "Mozilla/5.0 (Windows NT 10.0; Win64; x64) AppleWebKit/537.36 (KHTML, like Gecko) Chrome/126.0.0.0 Safari/537.36 Edg/126.0.0.0"
192.168.30.103 - - [14/Jul/2024:13:29:16 +0800] "GET /assets/logo-lsAxfQFw.png HTTP/1.1" 304 0 "http://192.168.10.166/assets/index-BtGLBwza.css" "Mozilla/5.0 (Windows NT 10.0; Win64; x64) AppleWebKit/537.36 (KHTML, like Gecko) Chrome/126.0.0.0 Safari/537.36"
192.168.30.103 - - [14/Jul/2024:13:29:16 +0800] "GET /api/user/userinfo HTTP/1.1" 200 313 "http://192.168.10.166/manage/club" "Mozilla/5.0 (Windows NT 10.0; Win64; x64) AppleWebKit/537.36 (KHTML, like Gecko) Chrome/126.0.0.0 Safari/537.36"
192.168.30.103 - - [14/Jul/2024:13:29:16 +0800] "GET /api/club/pageList?pageNum=1&pageSize=3 HTTP/1.1" 200 475 "http://192.168.10.166/manage/club" "Mozilla/5.0 (Windows NT 10.0; Win64; x64) AppleWebKit/537.36 (KHTML, like Gecko) Chrome/126.0.0.0 Safari/537.36"
192.168.10.181 - - [14/Jul/2024:13:29:33 +0800] "POST /api/activity/comment HTTP/1.1" 200 58 "http://192.168.10.166/activity?activityId=9" "Mozilla/5.0 (Windows NT 10.0; Win64; x64) AppleWebKit/537.36 (KHTML, like Gecko) Chrome/126.0.0.0 Safari/537.36 Edg/126.0.0.0"
192.168.10.181 - - [14/Jul/2024:13:29:33 +0800] "GET /api/activity/comment?activityId=9 HTTP/1.1" 200 373 "http://192.168.10.166/activity?activityId=9" "Mozilla/5.0 (Windows NT 10.0; Win64; x64) AppleWebKit/537.36 (KHTML, like Gecko) Chrome/126.0.0.0 Safari/537.36 Edg/126.0.0.0"
192.168.10.181 - - [14/Jul/2024:13:29:37 +0800] "GET /api/user/userinfo HTTP/1.1" 200 176 "http://192.168.10.166/main/activity" "Mozilla/5.0 (Windows NT 10.0; Win64; x64) AppleWebKit/537.36 (KHTML, like Gecko) Chrome/126.0.0.0 Safari/537.36 Edg/126.0.0.0"
192.168.10.181 - - [14/Jul/2024:13:29:37 +0800] "GET /api/user/userinfo HTTP/1.1" 200 176 "http://192.168.10.166/main/activity" "Mozilla/5.0 (Windows NT 10.0; Win64; x64) AppleWebKit/537.36 (KHTML, like Gecko) Chrome/126.0.0.0 Safari/537.36 Edg/126.0.0.0"
192.168.30.103 - - [14/Jul/2024:13:32:07 +0800] "GET /manage/statistic HTTP/1.1" 200 430 "-" "Mozilla/5.0 (Windows NT 10.0; Win64; x64) AppleWebKit/537.36 (KHTML, like Gecko) Chrome/126.0.0.0 Safari/537.36"
192.168.30.103 - - [14/Jul/2024:13:32:07 +0800] "GET /assets/index-BtGLBwza.css HTTP/1.1" 304 0 "http://192.168.10.166/manage/statistic" "Mozilla/5.0 (Windows NT 10.0; Win64; x64) AppleWebKit/537.36 (KHTML, like Gecko) Chrome/126.0.0.0 Safari/537.36"
192.168.30.103 - - [14/Jul/2024:13:32:07 +0800] "GET /assets/index-s-GTeyCm.js HTTP/1.1" 304 0 "http://192.168.10.166/manage/statistic" "Mozilla/5.0 (Windows NT 10.0; Win64; x64) AppleWebKit/537.36 (KHTML, like Gecko) Chrome/126.0.0.0 Safari/537.36"
192.168.30.103 - - [14/Jul/2024:13:32:07 +0800] "GET /api/user/userinfo HTTP/1.1" 200 313 "http://192.168.10.166/manage/statistic" "Mozilla/5.0 (Windows NT 10.0; Win64; x64) AppleWebKit/537.36 (KHTML, like Gecko) Chrome/126.0.0.0 Safari/537.36"
192.168.30.103 - - [14/Jul/2024:13:38:37 +0800] "GET /api/user/findAll HTTP/1.1" 200 2240 "http://192.168.10.166/manage/user" "Mozilla/5.0 (Windows NT 10.0; Win64; x64) AppleWebKit/537.36 (KHTML, like Gecko) Chrome/126.0.0.0 Safari/537.36"
192.168.30.103 - - [14/Jul/2024:13:38:44 +0800] "GET /api/activity/enrollList HTTP/1.1" 200 2096 "http://192.168.10.166/manage/enroll" "Mozilla/5.0 (Windows NT 10.0; Win64; x64) AppleWebKit/537.36 (KHTML, like Gecko) Chrome/126.0.0.0 Safari/537.36"
192.168.30.103 - - [14/Jul/2024:13:38:48 +0800] "GET /api/activity/commentList HTTP/1.1" 200 8037 "http://192.168.10.166/manage/remark" "Mozilla/5.0 (Windows NT 10.0; Win64; x64) AppleWebKit/537.36 (KHTML, like Gecko) Chrome/126.0.0.0 Safari/537.36"
192.168.30.103 - - [14/Jul/2024:13:38:56 +0800] "GET /api/activity/list HTTP/1.1" 200 2827 "http://192.168.10.166/manage/activity" "Mozilla/5.0 (Windows NT 10.0; Win64; x64) AppleWebKit/537.36 (KHTML, like Gecko) Chrome/126.0.0.0 Safari/537.36"
192.168.30.103 - - [14/Jul/2024:13:39:00 +0800] "GET /api/club/pageList?pageNum=1&pageSize=3 HTTP/1.1" 200 475 "http://192.168.10.166/manage/club" "Mozilla/5.0 (Windows NT 10.0; Win64; x64) AppleWebKit/537.36 (KHTML, like Gecko) Chrome/126.0.0.0 Safari/537.36"
192.168.30.103 - - [14/Jul/2024:13:39:02 +0800] "GET /api/club/pageList?pageNum=2&pageSize=3 HTTP/1.1" 200 363 "http://192.168.10.166/manage/club" "Mozilla/5.0 (Windows NT 10.0; Win64; x64) AppleWebKit/537.36 (KHTML, like Gecko) Chrome/126.0.0.0 Safari/537.36"
192.168.30.103 - - [14/Jul/2024:13:39:03 +0800] "GET /api/club/pageList?pageNum=3&pageSize=3 HTTP/1.1" 200 393 "http://192.168.10.166/manage/club" "Mozilla/5.0 (Windows NT 10.0; Win64; x64) AppleWebKit/537.36 (KHTML, like Gecko) Chrome/126.0.0.0 Safari/537.36"
192.168.30.103 - - [14/Jul/2024:13:39:04 +0800] "GET /api/club/pageList?pageNum=4&pageSize=3 HTTP/1.1" 200 386 "http://192.168.10.166/manage/club" "Mozilla/5.0 (Windows NT 10.0; Win64; x64) AppleWebKit/537.36 (KHTML, like Gecko) Chrome/126.0.0.0 Safari/537.36"
192.168.30.103 - - [14/Jul/2024:13:39:06 +0800] "GET /api/club/pageList?pageNum=5&pageSize=3 HTTP/1.1" 200 398 "http://192.168.10.166/manage/club" "Mozilla/5.0 (Windows NT 10.0; Win64; x64) AppleWebKit/537.36 (KHTML, like Gecko) Chrome/126.0.0.0 Safari/537.36"
192.168.30.103 - - [14/Jul/2024:13:39:07 +0800] "GET /api/club/pageList?pageNum=6&pageSize=3 HTTP/1.1" 200 304 "http://192.168.10.166/manage/club" "Mozilla/5.0 (Windows NT 10.0; Win64; x64) AppleWebKit/537.36 (KHTML, like Gecko) Chrome/126.0.0.0 Safari/537.36"
192.168.30.103 - - [14/Jul/2024:13:39:08 +0800] "GET /api/club/pageList?pageNum=5&pageSize=3 HTTP/1.1" 200 398 "http://192.168.10.166/manage/club" "Mozilla/5.0 (Windows NT 10.0; Win64; x64) AppleWebKit/537.36 (KHTML, like Gecko) Chrome/126.0.0.0 Safari/537.36"
192.168.10.60 - - [14/Jul/2024:14:09:57 +0800] "GET / HTTP/1.1" 200 430 "-" "Mozilla/5.0 (Windows NT 10.0; Win64; x64) AppleWebKit/537.36 (KHTML, like Gecko) Chrome/126.0.0.0 Safari/537.36"
192.168.10.60 - - [14/Jul/2024:14:09:58 +0800] "GET /assets/index-BtGLBwza.css HTTP/1.1" 200 381698 "http://192.168.10.166/" "Mozilla/5.0 (Windows NT 10.0; Win64; x64) AppleWebKit/537.36 (KHTML, like Gecko) Chrome/126.0.0.0 Safari/537.36"
192.168.10.60 - - [14/Jul/2024:14:09:58 +0800] "GET /assets/index-s-GTeyCm.js HTTP/1.1" 200 2362734 "http://192.168.10.166/" "Mozilla/5.0 (Windows NT 10.0; Win64; x64) AppleWebKit/537.36 (KHTML, like Gecko) Chrome/126.0.0.0 Safari/537.36"
192.168.10.60 - - [14/Jul/2024:14:09:58 +0800] "GET /assets/%E7%A4%BE%E5%9B%A21-CR4-UczJ.js HTTP/1.1" 200 73 "http://192.168.10.166/assets/index-s-GTeyCm.js" "Mozilla/5.0 (Windows NT 10.0; Win64; x64) AppleWebKit/537.36 (KHTML, like Gecko) Chrome/126.0.0.0 Safari/537.36"
192.168.10.60 - - [14/Jul/2024:14:09:58 +0800] "GET /assets/%E7%A4%BE%E5%9B%A22-BKwhSGtv.js HTTP/1.1" 200 73 "http://192.168.10.166/assets/index-s-GTeyCm.js" "Mozilla/5.0 (Windows NT 10.0; Win64; x64) AppleWebKit/537.36 (KHTML, like Gecko) Chrome/126.0.0.0 Safari/537.36"
192.168.10.60 - - [14/Jul/2024:14:09:58 +0800] "GET /assets/default-DSfpV9e6.png HTTP/1.1" 200 248040 "http://192.168.10.166/main/activity" "Mozilla/5.0 (Windows NT 10.0; Win64; x64) AppleWebKit/537.36 (KHTML, like Gecko) Chrome/126.0.0.0 Safari/537.36"
192.168.10.60 - - [14/Jul/2024:14:09:58 +0800] "GET /assets/%E7%A4%BE%E5%9B%A23-sOjhnnGk.js HTTP/1.1" 200 73 "http://192.168.10.166/assets/index-s-GTeyCm.js" "Mozilla/5.0 (Windows NT 10.0; Win64; x64) AppleWebKit/537.36 (KHTML, like Gecko) Chrome/126.0.0.0 Safari/537.36"
192.168.10.60 - - [14/Jul/2024:14:09:58 +0800] "GET /assets/%E7%A4%BE%E5%9B%A21-BdYlAick.jpg HTTP/1.1" 200 212988 "http://192.168.10.166/main/activity" "Mozilla/5.0 (Windows NT 10.0; Win64; x64) AppleWebKit/537.36 (KHTML, like Gecko) Chrome/126.0.0.0 Safari/537.36"
192.168.10.60 - - [14/Jul/2024:14:09:58 +0800] "GET /assets/%E7%A4%BE%E5%9B%A22-DwtHY700.jpg HTTP/1.1" 200 65830 "http://192.168.10.166/main/activity" "Mozilla/5.0 (Windows NT 10.0; Win64; x64) AppleWebKit/537.36 (KHTML, like Gecko) Chrome/126.0.0.0 Safari/537.36"
192.168.10.60 - - [14/Jul/2024:14:09:58 +0800] "GET /assets/%E7%A4%BE%E5%9B%A23-BC5QYsKm.jpg HTTP/1.1" 200 88006 "http://192.168.10.166/main/activity" "Mozilla/5.0 (Windows NT 10.0; Win64; x64) AppleWebKit/537.36 (KHTML, like Gecko) Chrome/126.0.0.0 Safari/537.36"
192.168.10.60 - - [14/Jul/2024:14:09:59 +0800] "GET /favicon.ico HTTP/1.1" 200 4286 "http://192.168.10.166/main/activity" "Mozilla/5.0 (Windows NT 10.0; Win64; x64) AppleWebKit/537.36 (KHTML, like Gecko) Chrome/126.0.0.0 Safari/537.36"
192.168.10.60 - - [14/Jul/2024:14:10:10 +0800] "GET /assets/logo-lsAxfQFw.png HTTP/1.1" 200 202898 "http://192.168.10.166/assets/index-BtGLBwza.css" "Mozilla/5.0 (Windows NT 10.0; Win64; x64) AppleWebKit/537.36 (KHTML, like Gecko) Chrome/126.0.0.0 Safari/537.36"
192.168.10.60 - - [14/Jul/2024:14:10:10 +0800] "GET /api/user/userinfo HTTP/1.1" 401 0 "http://192.168.10.166/main/mymainpage" "Mozilla/5.0 (Windows NT 10.0; Win64; x64) AppleWebKit/537.36 (KHTML, like Gecko) Chrome/126.0.0.0 Safari/537.36"
192.168.10.60 - - [14/Jul/2024:14:10:11 +0800] "GET /assets/login_bg-BNZo0NzC.jpg HTTP/1.1" 200 2589923 "http://192.168.10.166/assets/index-BtGLBwza.css" "Mozilla/5.0 (Windows NT 10.0; Win64; x64) AppleWebKit/537.36 (KHTML, like Gecko) Chrome/126.0.0.0 Safari/537.36"
192.168.10.60 - - [14/Jul/2024:14:10:35 +0800] "POST /api/user/login HTTP/1.1" 404 555 "http://192.168.10.166/login" "Mozilla/5.0 (Windows NT 10.0; Win64; x64) AppleWebKit/537.36 (KHTML, like Gecko) Chrome/126.0.0.0 Safari/537.36"
192.168.10.60 - - [14/Jul/2024:14:10:35 +0800] "POST /api/user/login HTTP/1.1" 404 555 "http://192.168.10.166/login" "Mozilla/5.0 (Windows NT 10.0; Win64; x64) AppleWebKit/537.36 (KHTML, like Gecko) Chrome/126.0.0.0 Safari/537.36"
127.0.0.1 - - [14/Jul/2024:14:11:01 +0800] "GET / HTTP/1.1" 200 430 "-" "Mozilla/5.0 (Windows NT 10.0; Win64; x64) AppleWebKit/537.36 (KHTML, like Gecko) Chrome/126.0.0.0 Safari/537.36"
127.0.0.1 - - [14/Jul/2024:14:11:01 +0800] "GET /assets/index-s-GTeyCm.js HTTP/1.1" 200 2362734 "http://localhost/" "Mozilla/5.0 (Windows NT 10.0; Win64; x64) AppleWebKit/537.36 (KHTML, like Gecko) Chrome/126.0.0.0 Safari/537.36"
127.0.0.1 - - [14/Jul/2024:14:11:01 +0800] "GET /assets/index-BtGLBwza.css HTTP/1.1" 200 381698 "http://localhost/" "Mozilla/5.0 (Windows NT 10.0; Win64; x64) AppleWebKit/537.36 (KHTML, like Gecko) Chrome/126.0.0.0 Safari/537.36"
127.0.0.1 - - [14/Jul/2024:14:11:02 +0800] "GET /assets/%E7%A4%BE%E5%9B%A22-BKwhSGtv.js HTTP/1.1" 200 73 "http://localhost/assets/index-s-GTeyCm.js" "Mozilla/5.0 (Windows NT 10.0; Win64; x64) AppleWebKit/537.36 (KHTML, like Gecko) Chrome/126.0.0.0 Safari/537.36"
127.0.0.1 - - [14/Jul/2024:14:11:02 +0800] "GET /assets/%E7%A4%BE%E5%9B%A21-CR4-UczJ.js HTTP/1.1" 200 73 "http://localhost/assets/index-s-GTeyCm.js" "Mozilla/5.0 (Windows NT 10.0; Win64; x64) AppleWebKit/537.36 (KHTML, like Gecko) Chrome/126.0.0.0 Safari/537.36"
127.0.0.1 - - [14/Jul/2024:14:11:02 +0800] "GET /assets/%E7%A4%BE%E5%9B%A23-sOjhnnGk.js HTTP/1.1" 200 73 "http://localhost/assets/index-s-GTeyCm.js" "Mozilla/5.0 (Windows NT 10.0; Win64; x64) AppleWebKit/537.36 (KHTML, like Gecko) Chrome/126.0.0.0 Safari/537.36"
127.0.0.1 - - [14/Jul/2024:14:11:02 +0800] "GET /assets/%E7%A4%BE%E5%9B%A21-BdYlAick.jpg HTTP/1.1" 200 212988 "http://localhost/main/activity" "Mozilla/5.0 (Windows NT 10.0; Win64; x64) AppleWebKit/537.36 (KHTML, like Gecko) Chrome/126.0.0.0 Safari/537.36"
127.0.0.1 - - [14/Jul/2024:14:11:02 +0800] "GET /assets/%E7%A4%BE%E5%9B%A22-DwtHY700.jpg HTTP/1.1" 200 65830 "http://localhost/main/activity" "Mozilla/5.0 (Windows NT 10.0; Win64; x64) AppleWebKit/537.36 (KHTML, like Gecko) Chrome/126.0.0.0 Safari/537.36"
127.0.0.1 - - [14/Jul/2024:14:11:02 +0800] "GET /assets/%E7%A4%BE%E5%9B%A23-BC5QYsKm.jpg HTTP/1.1" 200 88006 "http://localhost/main/activity" "Mozilla/5.0 (Windows NT 10.0; Win64; x64) AppleWebKit/537.36 (KHTML, like Gecko) Chrome/126.0.0.0 Safari/537.36"
127.0.0.1 - - [14/Jul/2024:14:11:03 +0800] "GET /api/user/userinfo HTTP/1.1" 200 313 "http://localhost/main/activity" "Mozilla/5.0 (Windows NT 10.0; Win64; x64) AppleWebKit/537.36 (KHTML, like Gecko) Chrome/126.0.0.0 Safari/537.36"
192.168.10.60 - - [14/Jul/2024:14:11:14 +0800] "GET /api/user/userinfo HTTP/1.1" 401 0 "http://192.168.10.166/main/mymainpage" "Mozilla/5.0 (Windows NT 10.0; Win64; x64) AppleWebKit/537.36 (KHTML, like Gecko) Chrome/126.0.0.0 Safari/537.36"
192.168.10.60 - - [14/Jul/2024:14:11:25 +0800] "GET /api/activity/detail?activityId=3 HTTP/1.1" 401 0 "http://192.168.10.166/activity?activityId=3" "Mozilla/5.0 (Windows NT 10.0; Win64; x64) AppleWebKit/537.36 (KHTML, like Gecko) Chrome/126.0.0.0 Safari/537.36"
192.168.10.60 - - [14/Jul/2024:14:11:25 +0800] "GET /assets/defaultActivity-DAqDaK3w.jpg HTTP/1.1" 200 103355 "http://192.168.10.166/activity?activityId=3" "Mozilla/5.0 (Windows NT 10.0; Win64; x64) AppleWebKit/537.36 (KHTML, like Gecko) Chrome/126.0.0.0 Safari/537.36"
192.168.10.60 - - [14/Jul/2024:14:11:25 +0800] "GET /api/activity/comment?activityId=3 HTTP/1.1" 401 0 "http://192.168.10.166/activity?activityId=3" "Mozilla/5.0 (Windows NT 10.0; Win64; x64) AppleWebKit/537.36 (KHTML, like Gecko) Chrome/126.0.0.0 Safari/537.36"
192.168.10.60 - - [14/Jul/2024:14:11:34 +0800] "POST /api/user/login HTTP/1.1" 200 77 "http://192.168.10.166/login" "Mozilla/5.0 (Windows NT 10.0; Win64; x64) AppleWebKit/537.36 (KHTML, like Gecko) Chrome/126.0.0.0 Safari/537.36"
192.168.10.60 - - [14/Jul/2024:14:11:37 +0800] "POST /api/user/login HTTP/1.1" 200 58 "http://192.168.10.166/login" "Mozilla/5.0 (Windows NT 10.0; Win64; x64) AppleWebKit/537.36 (KHTML, like Gecko) Chrome/126.0.0.0 Safari/537.36"
192.168.10.60 - - [14/Jul/2024:14:11:51 +0800] "POST /api/user/login HTTP/1.1" 200 58 "http://192.168.10.166/login" "Mozilla/5.0 (Windows NT 10.0; Win64; x64) AppleWebKit/537.36 (KHTML, like Gecko) Chrome/126.0.0.0 Safari/537.36"
127.0.0.1 - - [14/Jul/2024:14:11:57 +0800] "GET /main/activity HTTP/1.1" 200 430 "-" "Mozilla/5.0 (Windows NT 10.0; Win64; x64) AppleWebKit/537.36 (KHTML, like Gecko) Chrome/126.0.0.0 Safari/537.36"
127.0.0.1 - - [14/Jul/2024:14:11:57 +0800] "GET /api/user/userinfo HTTP/1.1" 200 313 "http://localhost/main/activity" "Mozilla/5.0 (Windows NT 10.0; Win64; x64) AppleWebKit/537.36 (KHTML, like Gecko) Chrome/126.0.0.0 Safari/537.36"
192.168.10.60 - - [14/Jul/2024:14:12:01 +0800] "POST /api/user/login HTTP/1.1" 200 58 "http://192.168.10.166/login" "Mozilla/5.0 (Windows NT 10.0; Win64; x64) AppleWebKit/537.36 (KHTML, like Gecko) Chrome/126.0.0.0 Safari/537.36"
192.168.10.60 - - [14/Jul/2024:14:12:06 +0800] "POST /api/user/login HTTP/1.1" 200 236 "http://192.168.10.166/login" "Mozilla/5.0 (Windows NT 10.0; Win64; x64) AppleWebKit/537.36 (KHTML, like Gecko) Chrome/126.0.0.0 Safari/537.36"
192.168.10.60 - - [14/Jul/2024:14:12:06 +0800] "GET /api/user/userinfo HTTP/1.1" 200 313 "http://192.168.10.166/main/activity" "Mozilla/5.0 (Windows NT 10.0; Win64; x64) AppleWebKit/537.36 (KHTML, like Gecko) Chrome/126.0.0.0 Safari/537.36"
127.0.0.1 - - [14/Jul/2024:14:12:07 +0800] "GET /assets/defaultActivity-DAqDaK3w.jpg HTTP/1.1" 200 103355 "http://localhost/activity?activityId=8" "Mozilla/5.0 (Windows NT 10.0; Win64; x64) AppleWebKit/537.36 (KHTML, like Gecko) Chrome/126.0.0.0 Safari/537.36"
127.0.0.1 - - [14/Jul/2024:14:12:07 +0800] "GET /api/activity/detail?activityId=8 HTTP/1.1" 200 393 "http://localhost/activity?activityId=8" "Mozilla/5.0 (Windows NT 10.0; Win64; x64) AppleWebKit/537.36 (KHTML, like Gecko) Chrome/126.0.0.0 Safari/537.36"
127.0.0.1 - - [14/Jul/2024:14:12:07 +0800] "GET /api/activity/comment?activityId=8 HTTP/1.1" 200 4316 "http://localhost/activity?activityId=8" "Mozilla/5.0 (Windows NT 10.0; Win64; x64) AppleWebKit/537.36 (KHTML, like Gecko) Chrome/126.0.0.0 Safari/537.36"
127.0.0.1 - - [14/Jul/2024:14:12:07 +0800] "GET /api/user/detail?userId=6 HTTP/1.1" 200 268 "http://localhost/activity?activityId=8" "Mozilla/5.0 (Windows NT 10.0; Win64; x64) AppleWebKit/537.36 (KHTML, like Gecko) Chrome/126.0.0.0 Safari/537.36"
127.0.0.1 - - [14/Jul/2024:14:12:07 +0800] "GET /assets/default-DSfpV9e6.png HTTP/1.1" 200 248040 "http://localhost/activity?activityId=8" "Mozilla/5.0 (Windows NT 10.0; Win64; x64) AppleWebKit/537.36 (KHTML, like Gecko) Chrome/126.0.0.0 Safari/537.36"
127.0.0.1 - - [14/Jul/2024:14:12:07 +0800] "GET /api/club/detail?clubId=2 HTTP/1.1" 200 230 "http://localhost/activity?activityId=8" "Mozilla/5.0 (Windows NT 10.0; Win64; x64) AppleWebKit/537.36 (KHTML, like Gecko) Chrome/126.0.0.0 Safari/537.36"
192.168.10.60 - - [14/Jul/2024:14:12:12 +0800] "GET /api/activity/comment?activityId=3 HTTP/1.1" 200 360 "http://192.168.10.166/activity?activityId=3" "Mozilla/5.0 (Windows NT 10.0; Win64; x64) AppleWebKit/537.36 (KHTML, like Gecko) Chrome/126.0.0.0 Safari/537.36"
192.168.10.60 - - [14/Jul/2024:14:12:12 +0800] "GET /api/activity/detail?activityId=3 HTTP/1.1" 200 295 "http://192.168.10.166/activity?activityId=3" "Mozilla/5.0 (Windows NT 10.0; Win64; x64) AppleWebKit/537.36 (KHTML, like Gecko) Chrome/126.0.0.0 Safari/537.36"
192.168.10.60 - - [14/Jul/2024:14:12:12 +0800] "GET /api/user/detail?userId=6 HTTP/1.1" 200 268 "http://192.168.10.166/activity?activityId=3" "Mozilla/5.0 (Windows NT 10.0; Win64; x64) AppleWebKit/537.36 (KHTML, like Gecko) Chrome/126.0.0.0 Safari/537.36"
192.168.10.60 - - [14/Jul/2024:14:12:12 +0800] "GET /api/club/detail?clubId=2 HTTP/1.1" 200 230 "http://192.168.10.166/activity?activityId=3" "Mozilla/5.0 (Windows NT 10.0; Win64; x64) AppleWebKit/537.36 (KHTML, like Gecko) Chrome/126.0.0.0 Safari/537.36"
127.0.0.1 - - [14/Jul/2024:14:12:13 +0800] "GET /api/activity/enroll?activityId=8 HTTP/1.1" 200 58 "http://localhost/activity?activityId=8" "Mozilla/5.0 (Windows NT 10.0; Win64; x64) AppleWebKit/537.36 (KHTML, like Gecko) Chrome/126.0.0.0 Safari/537.36"
127.0.0.1 - - [14/Jul/2024:14:12:13 +0800] "GET /api/activity/detail?activityId=8 HTTP/1.1" 200 393 "http://localhost/activity?activityId=8" "Mozilla/5.0 (Windows NT 10.0; Win64; x64) AppleWebKit/537.36 (KHTML, like Gecko) Chrome/126.0.0.0 Safari/537.36"
127.0.0.1 - - [14/Jul/2024:14:12:13 +0800] "GET /api/user/detail?userId=6 HTTP/1.1" 200 268 "http://localhost/activity?activityId=8" "Mozilla/5.0 (Windows NT 10.0; Win64; x64) AppleWebKit/537.36 (KHTML, like Gecko) Chrome/126.0.0.0 Safari/537.36"
127.0.0.1 - - [14/Jul/2024:14:12:13 +0800] "GET /api/club/detail?clubId=2 HTTP/1.1" 200 230 "http://localhost/activity?activityId=8" "Mozilla/5.0 (Windows NT 10.0; Win64; x64) AppleWebKit/537.36 (KHTML, like Gecko) Chrome/126.0.0.0 Safari/537.36"
192.168.10.60 - - [14/Jul/2024:14:12:17 +0800] "GET /api/user/userinfo HTTP/1.1" 200 313 "http://192.168.10.166/main/activity" "Mozilla/5.0 (Windows NT 10.0; Win64; x64) AppleWebKit/537.36 (KHTML, like Gecko) Chrome/126.0.0.0 Safari/537.36"
192.168.10.60 - - [14/Jul/2024:14:12:20 +0800] "GET /api/activity/detail?activityId=2 HTTP/1.1" 200 310 "http://192.168.10.166/activity?activityId=2" "Mozilla/5.0 (Windows NT 10.0; Win64; x64) AppleWebKit/537.36 (KHTML, like Gecko) Chrome/126.0.0.0 Safari/537.36"
192.168.10.60 - - [14/Jul/2024:14:12:20 +0800] "GET /api/activity/comment?activityId=2 HTTP/1.1" 200 602 "http://192.168.10.166/activity?activityId=2" "Mozilla/5.0 (Windows NT 10.0; Win64; x64) AppleWebKit/537.36 (KHTML, like Gecko) Chrome/126.0.0.0 Safari/537.36"
192.168.10.60 - - [14/Jul/2024:14:12:20 +0800] "GET /api/user/detail?userId=3 HTTP/1.1" 200 166 "http://192.168.10.166/activity?activityId=2" "Mozilla/5.0 (Windows NT 10.0; Win64; x64) AppleWebKit/537.36 (KHTML, like Gecko) Chrome/126.0.0.0 Safari/537.36"
192.168.10.60 - - [14/Jul/2024:14:12:20 +0800] "GET /api/club/detail?clubId=2 HTTP/1.1" 200 230 "http://192.168.10.166/activity?activityId=2" "Mozilla/5.0 (Windows NT 10.0; Win64; x64) AppleWebKit/537.36 (KHTML, like Gecko) Chrome/126.0.0.0 Safari/537.36"
192.168.10.60 - - [14/Jul/2024:14:14:58 +0800] "POST /api/activity/comment HTTP/1.1" 200 58 "http://192.168.10.166/activity?activityId=2" "Mozilla/5.0 (Windows NT 10.0; Win64; x64) AppleWebKit/537.36 (KHTML, like Gecko) Chrome/126.0.0.0 Safari/537.36"
192.168.10.60 - - [14/Jul/2024:14:14:58 +0800] "GET /api/activity/comment?activityId=2 HTTP/1.1" 200 862 "http://192.168.10.166/activity?activityId=2" "Mozilla/5.0 (Windows NT 10.0; Win64; x64) AppleWebKit/537.36 (KHTML, like Gecko) Chrome/126.0.0.0 Safari/537.36"
192.168.10.60 - - [14/Jul/2024:14:15:14 +0800] "GET /api/user/userinfo HTTP/1.1" 200 313 "http://192.168.10.166/main/activity" "Mozilla/5.0 (Windows NT 10.0; Win64; x64) AppleWebKit/537.36 (KHTML, like Gecko) Chrome/126.0.0.0 Safari/537.36"
192.168.10.60 - - [14/Jul/2024:14:15:17 +0800] "GET /api/activity/detail?activityId=3 HTTP/1.1" 200 295 "http://192.168.10.166/activity?activityId=3" "Mozilla/5.0 (Windows NT 10.0; Win64; x64) AppleWebKit/537.36 (KHTML, like Gecko) Chrome/126.0.0.0 Safari/537.36"
192.168.10.60 - - [14/Jul/2024:14:15:17 +0800] "GET /api/activity/comment?activityId=3 HTTP/1.1" 200 360 "http://192.168.10.166/activity?activityId=3" "Mozilla/5.0 (Windows NT 10.0; Win64; x64) AppleWebKit/537.36 (KHTML, like Gecko) Chrome/126.0.0.0 Safari/537.36"
192.168.10.60 - - [14/Jul/2024:14:15:17 +0800] "GET /api/user/detail?userId=6 HTTP/1.1" 200 268 "http://192.168.10.166/activity?activityId=3" "Mozilla/5.0 (Windows NT 10.0; Win64; x64) AppleWebKit/537.36 (KHTML, like Gecko) Chrome/126.0.0.0 Safari/537.36"
192.168.10.60 - - [14/Jul/2024:14:15:17 +0800] "GET /api/club/detail?clubId=2 HTTP/1.1" 200 230 "http://192.168.10.166/activity?activityId=3" "Mozilla/5.0 (Windows NT 10.0; Win64; x64) AppleWebKit/537.36 (KHTML, like Gecko) Chrome/126.0.0.0 Safari/537.36"
192.168.10.60 - - [14/Jul/2024:14:15:23 +0800] "POST /api/activity/comment HTTP/1.1" 200 58 "http://192.168.10.166/activity?activityId=3" "Mozilla/5.0 (Windows NT 10.0; Win64; x64) AppleWebKit/537.36 (KHTML, like Gecko) Chrome/126.0.0.0 Safari/537.36"
192.168.10.60 - - [14/Jul/2024:14:15:23 +0800] "GET /api/activity/comment?activityId=3 HTTP/1.1" 200 620 "http://192.168.10.166/activity?activityId=3" "Mozilla/5.0 (Windows NT 10.0; Win64; x64) AppleWebKit/537.36 (KHTML, like Gecko) Chrome/126.0.0.0 Safari/537.36"
192.168.10.60 - - [14/Jul/2024:14:15:27 +0800] "GET /api/user/userinfo HTTP/1.1" 200 313 "http://192.168.10.166/main/activity" "Mozilla/5.0 (Windows NT 10.0; Win64; x64) AppleWebKit/537.36 (KHTML, like Gecko) Chrome/126.0.0.0 Safari/537.36"
192.168.10.60 - - [14/Jul/2024:14:15:29 +0800] "GET /api/activity/comment?activityId=4 HTTP/1.1" 200 294 "http://192.168.10.166/activity?activityId=4" "Mozilla/5.0 (Windows NT 10.0; Win64; x64) AppleWebKit/537.36 (KHTML, like Gecko) Chrome/126.0.0.0 Safari/537.36"
192.168.10.60 - - [14/Jul/2024:14:15:29 +0800] "GET /api/activity/detail?activityId=4 HTTP/1.1" 200 310 "http://192.168.10.166/activity?activityId=4" "Mozilla/5.0 (Windows NT 10.0; Win64; x64) AppleWebKit/537.36 (KHTML, like Gecko) Chrome/126.0.0.0 Safari/537.36"
192.168.10.60 - - [14/Jul/2024:14:15:29 +0800] "GET /api/user/detail?userId=6 HTTP/1.1" 200 268 "http://192.168.10.166/activity?activityId=4" "Mozilla/5.0 (Windows NT 10.0; Win64; x64) AppleWebKit/537.36 (KHTML, like Gecko) Chrome/126.0.0.0 Safari/537.36"
192.168.10.60 - - [14/Jul/2024:14:15:29 +0800] "GET /api/club/detail?clubId=2 HTTP/1.1" 200 230 "http://192.168.10.166/activity?activityId=4" "Mozilla/5.0 (Windows NT 10.0; Win64; x64) AppleWebKit/537.36 (KHTML, like Gecko) Chrome/126.0.0.0 Safari/537.36"
192.168.10.60 - - [14/Jul/2024:14:15:36 +0800] "POST /api/activity/comment HTTP/1.1" 200 58 "http://192.168.10.166/activity?activityId=4" "Mozilla/5.0 (Windows NT 10.0; Win64; x64) AppleWebKit/537.36 (KHTML, like Gecko) Chrome/126.0.0.0 Safari/537.36"
192.168.10.60 - - [14/Jul/2024:14:15:36 +0800] "GET /api/activity/comment?activityId=4 HTTP/1.1" 200 554 "http://192.168.10.166/activity?activityId=4" "Mozilla/5.0 (Windows NT 10.0; Win64; x64) AppleWebKit/537.36 (KHTML, like Gecko) Chrome/126.0.0.0 Safari/537.36"
192.168.10.60 - - [14/Jul/2024:14:15:41 +0800] "GET /api/user/userinfo HTTP/1.1" 200 313 "http://192.168.10.166/main/activity" "Mozilla/5.0 (Windows NT 10.0; Win64; x64) AppleWebKit/537.36 (KHTML, like Gecko) Chrome/126.0.0.0 Safari/537.36"
192.168.10.60 - - [14/Jul/2024:14:15:43 +0800] "GET /api/activity/comment?activityId=4 HTTP/1.1" 200 554 "http://192.168.10.166/activity?activityId=4" "Mozilla/5.0 (Windows NT 10.0; Win64; x64) AppleWebKit/537.36 (KHTML, like Gecko) Chrome/126.0.0.0 Safari/537.36"
192.168.10.60 - - [14/Jul/2024:14:15:43 +0800] "GET /api/activity/detail?activityId=4 HTTP/1.1" 200 310 "http://192.168.10.166/activity?activityId=4" "Mozilla/5.0 (Windows NT 10.0; Win64; x64) AppleWebKit/537.36 (KHTML, like Gecko) Chrome/126.0.0.0 Safari/537.36"
192.168.10.60 - - [14/Jul/2024:14:15:43 +0800] "GET /api/user/detail?userId=6 HTTP/1.1" 200 268 "http://192.168.10.166/activity?activityId=4" "Mozilla/5.0 (Windows NT 10.0; Win64; x64) AppleWebKit/537.36 (KHTML, like Gecko) Chrome/126.0.0.0 Safari/537.36"
192.168.10.60 - - [14/Jul/2024:14:15:43 +0800] "GET /api/club/detail?clubId=2 HTTP/1.1" 200 230 "http://192.168.10.166/activity?activityId=4" "Mozilla/5.0 (Windows NT 10.0; Win64; x64) AppleWebKit/537.36 (KHTML, like Gecko) Chrome/126.0.0.0 Safari/537.36"
192.168.10.60 - - [14/Jul/2024:14:15:48 +0800] "GET /api/user/userinfo HTTP/1.1" 200 313 "http://192.168.10.166/main/activity" "Mozilla/5.0 (Windows NT 10.0; Win64; x64) AppleWebKit/537.36 (KHTML, like Gecko) Chrome/126.0.0.0 Safari/537.36"
192.168.10.60 - - [14/Jul/2024:14:15:50 +0800] "GET /api/activity/detail?activityId=5 HTTP/1.1" 200 307 "http://192.168.10.166/activity?activityId=5" "Mozilla/5.0 (Windows NT 10.0; Win64; x64) AppleWebKit/537.36 (KHTML, like Gecko) Chrome/126.0.0.0 Safari/537.36"
192.168.10.60 - - [14/Jul/2024:14:15:50 +0800] "GET /api/activity/comment?activityId=5 HTTP/1.1" 200 533 "http://192.168.10.166/activity?activityId=5" "Mozilla/5.0 (Windows NT 10.0; Win64; x64) AppleWebKit/537.36 (KHTML, like Gecko) Chrome/126.0.0.0 Safari/537.36"
192.168.10.60 - - [14/Jul/2024:14:15:50 +0800] "GET /api/user/detail?userId=6 HTTP/1.1" 200 268 "http://192.168.10.166/activity?activityId=5" "Mozilla/5.0 (Windows NT 10.0; Win64; x64) AppleWebKit/537.36 (KHTML, like Gecko) Chrome/126.0.0.0 Safari/537.36"
192.168.10.60 - - [14/Jul/2024:14:15:50 +0800] "GET /api/club/detail?clubId=2 HTTP/1.1" 200 230 "http://192.168.10.166/activity?activityId=5" "Mozilla/5.0 (Windows NT 10.0; Win64; x64) AppleWebKit/537.36 (KHTML, like Gecko) Chrome/126.0.0.0 Safari/537.36"
192.168.10.60 - - [14/Jul/2024:14:15:53 +0800] "POST /api/activity/comment HTTP/1.1" 200 58 "http://192.168.10.166/activity?activityId=5" "Mozilla/5.0 (Windows NT 10.0; Win64; x64) AppleWebKit/537.36 (KHTML, like Gecko) Chrome/126.0.0.0 Safari/537.36"
192.168.10.60 - - [14/Jul/2024:14:15:53 +0800] "GET /api/activity/comment?activityId=5 HTTP/1.1" 200 793 "http://192.168.10.166/activity?activityId=5" "Mozilla/5.0 (Windows NT 10.0; Win64; x64) AppleWebKit/537.36 (KHTML, like Gecko) Chrome/126.0.0.0 Safari/537.36"
192.168.10.60 - - [14/Jul/2024:14:15:58 +0800] "GET /api/user/userinfo HTTP/1.1" 200 313 "http://192.168.10.166/main/activity" "Mozilla/5.0 (Windows NT 10.0; Win64; x64) AppleWebKit/537.36 (KHTML, like Gecko) Chrome/126.0.0.0 Safari/537.36"
192.168.10.60 - - [14/Jul/2024:14:16:00 +0800] "GET /api/activity/detail?activityId=6 HTTP/1.1" 200 265 "http://192.168.10.166/activity?activityId=6" "Mozilla/5.0 (Windows NT 10.0; Win64; x64) AppleWebKit/537.36 (KHTML, like Gecko) Chrome/126.0.0.0 Safari/537.36"
192.168.10.60 - - [14/Jul/2024:14:16:00 +0800] "GET /api/activity/comment?activityId=6 HTTP/1.1" 200 1030 "http://192.168.10.166/activity?activityId=6" "Mozilla/5.0 (Windows NT 10.0; Win64; x64) AppleWebKit/537.36 (KHTML, like Gecko) Chrome/126.0.0.0 Safari/537.36"
192.168.10.60 - - [14/Jul/2024:14:16:00 +0800] "GET /api/user/detail?userId=6 HTTP/1.1" 200 268 "http://192.168.10.166/activity?activityId=6" "Mozilla/5.0 (Windows NT 10.0; Win64; x64) AppleWebKit/537.36 (KHTML, like Gecko) Chrome/126.0.0.0 Safari/537.36"
192.168.10.60 - - [14/Jul/2024:14:16:00 +0800] "GET /api/club/detail?clubId=2 HTTP/1.1" 200 230 "http://192.168.10.166/activity?activityId=6" "Mozilla/5.0 (Windows NT 10.0; Win64; x64) AppleWebKit/537.36 (KHTML, like Gecko) Chrome/126.0.0.0 Safari/537.36"
192.168.10.60 - - [14/Jul/2024:14:16:09 +0800] "POST /api/activity/comment HTTP/1.1" 200 58 "http://192.168.10.166/activity?activityId=6" "Mozilla/5.0 (Windows NT 10.0; Win64; x64) AppleWebKit/537.36 (KHTML, like Gecko) Chrome/126.0.0.0 Safari/537.36"
192.168.10.60 - - [14/Jul/2024:14:16:09 +0800] "GET /api/activity/comment?activityId=6 HTTP/1.1" 200 1290 "http://192.168.10.166/activity?activityId=6" "Mozilla/5.0 (Windows NT 10.0; Win64; x64) AppleWebKit/537.36 (KHTML, like Gecko) Chrome/126.0.0.0 Safari/537.36"
192.168.10.60 - - [14/Jul/2024:14:16:16 +0800] "GET /api/user/userinfo HTTP/1.1" 200 313 "http://192.168.10.166/main/activity" "Mozilla/5.0 (Windows NT 10.0; Win64; x64) AppleWebKit/537.36 (KHTML, like Gecko) Chrome/126.0.0.0 Safari/537.36"
127.0.0.1 - - [14/Jul/2024:14:22:03 +0800] "GET /api/activity/withdraw?activityId=8 HTTP/1.1" 200 58 "http://localhost/activity?activityId=8" "Mozilla/5.0 (Windows NT 10.0; Win64; x64) AppleWebKit/537.36 (KHTML, like Gecko) Chrome/126.0.0.0 Safari/537.36"
127.0.0.1 - - [14/Jul/2024:14:22:03 +0800] "GET /api/activity/detail?activityId=8 HTTP/1.1" 200 393 "http://localhost/activity?activityId=8" "Mozilla/5.0 (Windows NT 10.0; Win64; x64) AppleWebKit/537.36 (KHTML, like Gecko) Chrome/126.0.0.0 Safari/537.36"
127.0.0.1 - - [14/Jul/2024:14:22:03 +0800] "GET /api/user/detail?userId=6 HTTP/1.1" 200 268 "http://localhost/activity?activityId=8" "Mozilla/5.0 (Windows NT 10.0; Win64; x64) AppleWebKit/537.36 (KHTML, like Gecko) Chrome/126.0.0.0 Safari/537.36"
127.0.0.1 - - [14/Jul/2024:14:22:03 +0800] "GET /api/club/detail?clubId=2 HTTP/1.1" 200 230 "http://localhost/activity?activityId=8" "Mozilla/5.0 (Windows NT 10.0; Win64; x64) AppleWebKit/537.36 (KHTML, like Gecko) Chrome/126.0.0.0 Safari/537.36"
127.0.0.1 - - [14/Jul/2024:14:22:05 +0800] "GET /api/activity/enroll?activityId=8 HTTP/1.1" 200 58 "http://localhost/activity?activityId=8" "Mozilla/5.0 (Windows NT 10.0; Win64; x64) AppleWebKit/537.36 (KHTML, like Gecko) Chrome/126.0.0.0 Safari/537.36"
127.0.0.1 - - [14/Jul/2024:14:22:05 +0800] "GET /api/activity/detail?activityId=8 HTTP/1.1" 200 393 "http://localhost/activity?activityId=8" "Mozilla/5.0 (Windows NT 10.0; Win64; x64) AppleWebKit/537.36 (KHTML, like Gecko) Chrome/126.0.0.0 Safari/537.36"
127.0.0.1 - - [14/Jul/2024:14:22:05 +0800] "GET /api/user/detail?userId=6 HTTP/1.1" 200 268 "http://localhost/activity?activityId=8" "Mozilla/5.0 (Windows NT 10.0; Win64; x64) AppleWebKit/537.36 (KHTML, like Gecko) Chrome/126.0.0.0 Safari/537.36"
127.0.0.1 - - [14/Jul/2024:14:22:05 +0800] "GET /api/club/detail?clubId=2 HTTP/1.1" 200 230 "http://localhost/activity?activityId=8" "Mozilla/5.0 (Windows NT 10.0; Win64; x64) AppleWebKit/537.36 (KHTML, like Gecko) Chrome/126.0.0.0 Safari/537.36"
127.0.0.1 - - [14/Jul/2024:14:22:19 +0800] "POST /api/activity/comment HTTP/1.1" 200 58 "http://localhost/activity?activityId=8" "Mozilla/5.0 (Windows NT 10.0; Win64; x64) AppleWebKit/537.36 (KHTML, like Gecko) Chrome/126.0.0.0 Safari/537.36"
127.0.0.1 - - [14/Jul/2024:14:22:19 +0800] "GET /api/activity/comment?activityId=8 HTTP/1.1" 200 4557 "http://localhost/activity?activityId=8" "Mozilla/5.0 (Windows NT 10.0; Win64; x64) AppleWebKit/537.36 (KHTML, like Gecko) Chrome/126.0.0.0 Safari/537.36"
127.0.0.1 - - [14/Jul/2024:14:29:16 +0800] "GET /api/user/userinfo HTTP/1.1" 200 313 "http://localhost/main/activity" "Mozilla/5.0 (Windows NT 10.0; Win64; x64) AppleWebKit/537.36 (KHTML, like Gecko) Chrome/126.0.0.0 Safari/537.36"
127.0.0.1 - - [14/Jul/2024:14:29:20 +0800] "GET /assets/login_bg-BNZo0NzC.jpg HTTP/1.1" 200 2589923 "http://localhost/assets/index-BtGLBwza.css" "Mozilla/5.0 (Windows NT 10.0; Win64; x64) AppleWebKit/537.36 (KHTML, like Gecko) Chrome/126.0.0.0 Safari/537.36"
127.0.0.1 - - [14/Jul/2024:14:29:25 +0800] "POST /api/user/login HTTP/1.1" 200 236 "http://localhost/login" "Mozilla/5.0 (Windows NT 10.0; Win64; x64) AppleWebKit/537.36 (KHTML, like Gecko) Chrome/126.0.0.0 Safari/537.36"
127.0.0.1 - - [14/Jul/2024:14:29:25 +0800] "GET /api/user/userinfo HTTP/1.1" 200 313 "http://localhost/main/activity" "Mozilla/5.0 (Windows NT 10.0; Win64; x64) AppleWebKit/537.36 (KHTML, like Gecko) Chrome/126.0.0.0 Safari/537.36"
127.0.0.1 - - [14/Jul/2024:14:35:15 +0800] "GET /assets/logo-lsAxfQFw.png HTTP/1.1" 200 202898 "http://localhost/assets/index-BtGLBwza.css" "Mozilla/5.0 (Windows NT 10.0; Win64; x64) AppleWebKit/537.36 (KHTML, like Gecko) Chrome/126.0.0.0 Safari/537.36"
127.0.0.1 - - [14/Jul/2024:14:35:15 +0800] "GET /api/user/userinfo HTTP/1.1" 200 313 "http://localhost/manage/club" "Mozilla/5.0 (Windows NT 10.0; Win64; x64) AppleWebKit/537.36 (KHTML, like Gecko) Chrome/126.0.0.0 Safari/537.36"
127.0.0.1 - - [14/Jul/2024:14:35:15 +0800] "GET /api/club/pageList?pageNum=1&pageSize=3 HTTP/1.1" 200 475 "http://localhost/manage/club" "Mozilla/5.0 (Windows NT 10.0; Win64; x64) AppleWebKit/537.36 (KHTML, like Gecko) Chrome/126.0.0.0 Safari/537.36"
127.0.0.1 - - [14/Jul/2024:14:35:18 +0800] "GET /api/club/pageList?pageNum=5&pageSize=3 HTTP/1.1" 200 398 "http://localhost/manage/club" "Mozilla/5.0 (Windows NT 10.0; Win64; x64) AppleWebKit/537.36 (KHTML, like Gecko) Chrome/126.0.0.0 Safari/537.36"
127.0.0.1 - - [14/Jul/2024:14:35:18 +0800] "GET /api/club/pageList?pageNum=3&pageSize=3 HTTP/1.1" 200 393 "http://localhost/manage/club" "Mozilla/5.0 (Windows NT 10.0; Win64; x64) AppleWebKit/537.36 (KHTML, like Gecko) Chrome/126.0.0.0 Safari/537.36"
127.0.0.1 - - [14/Jul/2024:14:35:19 +0800] "GET /api/club/pageList?pageNum=2&pageSize=3 HTTP/1.1" 200 363 "http://localhost/manage/club" "Mozilla/5.0 (Windows NT 10.0; Win64; x64) AppleWebKit/537.36 (KHTML, like Gecko) Chrome/126.0.0.0 Safari/537.36"
127.0.0.1 - - [14/Jul/2024:14:35:20 +0800] "GET /api/club/pageList?pageNum=1&pageSize=3 HTTP/1.1" 200 475 "http://localhost/manage/club" "Mozilla/5.0 (Windows NT 10.0; Win64; x64) AppleWebKit/537.36 (KHTML, like Gecko) Chrome/126.0.0.0 Safari/537.36"
127.0.0.1 - - [14/Jul/2024:14:35:26 +0800] "GET /api/club/pageList?pageNum=1&pageSize=15 HTTP/1.1" 200 1707 "http://localhost/manage/club" "Mozilla/5.0 (Windows NT 10.0; Win64; x64) AppleWebKit/537.36 (KHTML, like Gecko) Chrome/126.0.0.0 Safari/537.36"
127.0.0.1 - - [14/Jul/2024:14:36:17 +0800] "GET /manage/club HTTP/1.1" 200 430 "-" "Mozilla/5.0 (Windows NT 10.0; Win64; x64) AppleWebKit/537.36 (KHTML, like Gecko) Chrome/126.0.0.0 Safari/537.36"
127.0.0.1 - - [14/Jul/2024:14:36:17 +0800] "GET /assets/index-s-GTeyCm.js HTTP/1.1" 304 0 "http://localhost/manage/club" "Mozilla/5.0 (Windows NT 10.0; Win64; x64) AppleWebKit/537.36 (KHTML, like Gecko) Chrome/126.0.0.0 Safari/537.36"
127.0.0.1 - - [14/Jul/2024:14:36:17 +0800] "GET /assets/index-BtGLBwza.css HTTP/1.1" 304 0 "http://localhost/manage/club" "Mozilla/5.0 (Windows NT 10.0; Win64; x64) AppleWebKit/537.36 (KHTML, like Gecko) Chrome/126.0.0.0 Safari/537.36"
127.0.0.1 - - [14/Jul/2024:14:36:18 +0800] "GET /api/user/userinfo HTTP/1.1" 200 313 "http://localhost/manage/club" "Mozilla/5.0 (Windows NT 10.0; Win64; x64) AppleWebKit/537.36 (KHTML, like Gecko) Chrome/126.0.0.0 Safari/537.36"
127.0.0.1 - - [14/Jul/2024:14:36:18 +0800] "GET /api/club/pageList?pageNum=1&pageSize=3 HTTP/1.1" 200 472 "http://localhost/manage/club" "Mozilla/5.0 (Windows NT 10.0; Win64; x64) AppleWebKit/537.36 (KHTML, like Gecko) Chrome/126.0.0.0 Safari/537.36"
127.0.0.1 - - [14/Jul/2024:14:36:23 +0800] "GET /api/club/pageList?pageNum=1&pageSize=15 HTTP/1.1" 200 1739 "http://localhost/manage/club" "Mozilla/5.0 (Windows NT 10.0; Win64; x64) AppleWebKit/537.36 (KHTML, like Gecko) Chrome/126.0.0.0 Safari/537.36"
127.0.0.1 - - [14/Jul/2024:14:36:27 +0800] "GET /assets/%E7%A4%BE%E5%9B%A22-BKwhSGtv.js HTTP/1.1" 304 0 "http://localhost/assets/index-s-GTeyCm.js" "Mozilla/5.0 (Windows NT 10.0; Win64; x64) AppleWebKit/537.36 (KHTML, like Gecko) Chrome/126.0.0.0 Safari/537.36"
127.0.0.1 - - [14/Jul/2024:14:36:27 +0800] "GET /assets/%E7%A4%BE%E5%9B%A21-CR4-UczJ.js HTTP/1.1" 304 0 "http://localhost/assets/index-s-GTeyCm.js" "Mozilla/5.0 (Windows NT 10.0; Win64; x64) AppleWebKit/537.36 (KHTML, like Gecko) Chrome/126.0.0.0 Safari/537.36"
127.0.0.1 - - [14/Jul/2024:14:36:27 +0800] "GET /assets/%E7%A4%BE%E5%9B%A23-sOjhnnGk.js HTTP/1.1" 304 0 "http://localhost/assets/index-s-GTeyCm.js" "Mozilla/5.0 (Windows NT 10.0; Win64; x64) AppleWebKit/537.36 (KHTML, like Gecko) Chrome/126.0.0.0 Safari/537.36"
127.0.0.1 - - [14/Jul/2024:14:36:27 +0800] "GET /api/user/userinfo HTTP/1.1" 200 313 "http://localhost/main/activity" "Mozilla/5.0 (Windows NT 10.0; Win64; x64) AppleWebKit/537.36 (KHTML, like Gecko) Chrome/126.0.0.0 Safari/537.36"
127.0.0.1 - - [14/Jul/2024:14:36:27 +0800] "GET /assets/%E7%A4%BE%E5%9B%A21-BdYlAick.jpg HTTP/1.1" 304 0 "http://localhost/main/activity" "Mozilla/5.0 (Windows NT 10.0; Win64; x64) AppleWebKit/537.36 (KHTML, like Gecko) Chrome/126.0.0.0 Safari/537.36"
127.0.0.1 - - [14/Jul/2024:14:36:27 +0800] "GET /assets/%E7%A4%BE%E5%9B%A22-DwtHY700.jpg HTTP/1.1" 304 0 "http://localhost/main/activity" "Mozilla/5.0 (Windows NT 10.0; Win64; x64) AppleWebKit/537.36 (KHTML, like Gecko) Chrome/126.0.0.0 Safari/537.36"
127.0.0.1 - - [14/Jul/2024:14:36:27 +0800] "GET /assets/%E7%A4%BE%E5%9B%A23-BC5QYsKm.jpg HTTP/1.1" 304 0 "http://localhost/main/activity" "Mozilla/5.0 (Windows NT 10.0; Win64; x64) AppleWebKit/537.36 (KHTML, like Gecko) Chrome/126.0.0.0 Safari/537.36"
127.0.0.1 - - [14/Jul/2024:14:36:29 +0800] "GET /api/user/userinfo HTTP/1.1" 200 313 "http://localhost/manage/club" "Mozilla/5.0 (Windows NT 10.0; Win64; x64) AppleWebKit/537.36 (KHTML, like Gecko) Chrome/126.0.0.0 Safari/537.36"
127.0.0.1 - - [14/Jul/2024:14:36:29 +0800] "GET /api/club/pageList?pageNum=1&pageSize=3 HTTP/1.1" 200 472 "http://localhost/manage/club" "Mozilla/5.0 (Windows NT 10.0; Win64; x64) AppleWebKit/537.36 (KHTML, like Gecko) Chrome/126.0.0.0 Safari/537.36"
127.0.0.1 - - [14/Jul/2024:14:37:00 +0800] "GET /api/user/userinfo HTTP/1.1" 200 313 "http://localhost/main/activity" "Mozilla/5.0 (Windows NT 10.0; Win64; x64) AppleWebKit/537.36 (KHTML, like Gecko) Chrome/126.0.0.0 Safari/537.36"
127.0.0.1 - - [14/Jul/2024:14:37:02 +0800] "GET /api/activity/comment?activityId=4 HTTP/1.1" 200 554 "http://localhost/activity?activityId=4" "Mozilla/5.0 (Windows NT 10.0; Win64; x64) AppleWebKit/537.36 (KHTML, like Gecko) Chrome/126.0.0.0 Safari/537.36"
127.0.0.1 - - [14/Jul/2024:14:37:02 +0800] "GET /api/activity/detail?activityId=4 HTTP/1.1" 200 310 "http://localhost/activity?activityId=4" "Mozilla/5.0 (Windows NT 10.0; Win64; x64) AppleWebKit/537.36 (KHTML, like Gecko) Chrome/126.0.0.0 Safari/537.36"
127.0.0.1 - - [14/Jul/2024:14:37:02 +0800] "GET /assets/defaultActivity-DAqDaK3w.jpg HTTP/1.1" 304 0 "http://localhost/activity?activityId=4" "Mozilla/5.0 (Windows NT 10.0; Win64; x64) AppleWebKit/537.36 (KHTML, like Gecko) Chrome/126.0.0.0 Safari/537.36"
127.0.0.1 - - [14/Jul/2024:14:37:02 +0800] "GET /api/user/detail?userId=6 HTTP/1.1" 200 268 "http://localhost/activity?activityId=4" "Mozilla/5.0 (Windows NT 10.0; Win64; x64) AppleWebKit/537.36 (KHTML, like Gecko) Chrome/126.0.0.0 Safari/537.36"
127.0.0.1 - - [14/Jul/2024:14:37:03 +0800] "GET /api/club/detail?clubId=2 HTTP/1.1" 200 230 "http://localhost/activity?activityId=4" "Mozilla/5.0 (Windows NT 10.0; Win64; x64) AppleWebKit/537.36 (KHTML, like Gecko) Chrome/126.0.0.0 Safari/537.36"
127.0.0.1 - - [14/Jul/2024:14:37:05 +0800] "GET /api/user/userinfo HTTP/1.1" 200 313 "http://localhost/main/activity" "Mozilla/5.0 (Windows NT 10.0; Win64; x64) AppleWebKit/537.36 (KHTML, like Gecko) Chrome/126.0.0.0 Safari/537.36"
