192.168.10.181 - - [14/Jul/2024:13:20:00 +0800] "GET /api/activity/enroll?activityId=8 HTTP/1.1" 200 58 "http://192.168.10.166/activity?activityId=8" "Mozilla/5.0 (Windows NT 10.0; Win64; x64) AppleWebKit/537.36 (KHTML, like Gecko) Chrome/126.0.0.0 Safari/537.36 Edg/126.0.0.0"
192.168.10.181 - - [14/Jul/2024:13:20:00 +0800] "GET /api/activity/detail?activityId=8 HTTP/1.1" 200 393 "http://192.168.10.166/activity?activityId=8" "Mozilla/5.0 (Windows NT 10.0; Win64; x64) AppleWebKit/537.36 (KHTML, like Gecko) Chrome/126.0.0.0 Safari/537.36 Edg/126.0.0.0"
192.168.10.181 - - [14/Jul/2024:13:20:00 +0800] "GET /api/user/detail?userId=6 HTTP/1.1" 200 268 "http://192.168.10.166/activity?activityId=8" "Mozilla/5.0 (Windows NT 10.0; Win64; x64) AppleWebKit/537.36 (KHTML, like Gecko) Chrome/126.0.0.0 Safari/537.36 Edg/126.0.0.0"
192.168.10.181 - - [14/Jul/2024:13:20:00 +0800] "GET /api/club/detail?clubId=2 HTTP/1.1" 200 230 "http://192.168.10.166/activity?activityId=8" "Mozilla/5.0 (Windows NT 10.0; Win64; x64) AppleWebKit/537.36 (KHTML, like Gecko) Chrome/126.0.0.0 Safari/537.36 Edg/126.0.0.0"
192.168.10.181 - - [14/Jul/2024:13:20:05 +0800] "GET /api/user/userinfo HTTP/1.1" 200 258 "http://192.168.10.166/main/activity" "Mozilla/5.0 (Windows NT 10.0; Win64; x64) AppleWebKit/537.36 (KHTML, like Gecko) Chrome/126.0.0.0 Safari/537.36 Edg/126.0.0.0"
192.168.10.181 - - [14/Jul/2024:13:20:21 +0800] "GET /assets/defaultActivity-DAqDaK3w.jpg HTTP/1.1" 304 0 "http://192.168.10.166/activity?activityId=6" "Mozilla/5.0 (Windows NT 10.0; Win64; x64) AppleWebKit/537.36 (KHTML, like Gecko) Chrome/126.0.0.0 Safari/537.36 Edg/126.0.0.0"
192.168.10.181 - - [14/Jul/2024:13:20:21 +0800] "GET /api/activity/detail?activityId=6 HTTP/1.1" 200 265 "http://192.168.10.166/activity?activityId=6" "Mozilla/5.0 (Windows NT 10.0; Win64; x64) AppleWebKit/537.36 (KHTML, like Gecko) Chrome/126.0.0.0 Safari/537.36 Edg/126.0.0.0"
192.168.10.181 - - [14/Jul/2024:13:20:21 +0800] "GET /api/activity/comment?activityId=6 HTTP/1.1" 200 56 "http://192.168.10.166/activity?activityId=6" "Mozilla/5.0 (Windows NT 10.0; Win64; x64) AppleWebKit/537.36 (KHTML, like Gecko) Chrome/126.0.0.0 Safari/537.36 Edg/126.0.0.0"
192.168.10.181 - - [14/Jul/2024:13:20:21 +0800] "GET /api/user/detail?userId=6 HTTP/1.1" 200 268 "http://192.168.10.166/activity?activityId=6" "Mozilla/5.0 (Windows NT 10.0; Win64; x64) AppleWebKit/537.36 (KHTML, like Gecko) Chrome/126.0.0.0 Safari/537.36 Edg/126.0.0.0"
192.168.10.181 - - [14/Jul/2024:13:20:21 +0800] "GET /api/club/detail?clubId=2 HTTP/1.1" 200 230 "http://192.168.10.166/activity?activityId=6" "Mozilla/5.0 (Windows NT 10.0; Win64; x64) AppleWebKit/537.36 (KHTML, like Gecko) Chrome/126.0.0.0 Safari/537.36 Edg/126.0.0.0"
192.168.10.181 - - [14/Jul/2024:13:20:25 +0800] "GET /api/activity/enroll?activityId=6 HTTP/1.1" 200 58 "http://192.168.10.166/activity?activityId=6" "Mozilla/5.0 (Windows NT 10.0; Win64; x64) AppleWebKit/537.36 (KHTML, like Gecko) Chrome/126.0.0.0 Safari/537.36 Edg/126.0.0.0"
192.168.10.181 - - [14/Jul/2024:13:20:25 +0800] "GET /api/activity/detail?activityId=6 HTTP/1.1" 200 265 "http://192.168.10.166/activity?activityId=6" "Mozilla/5.0 (Windows NT 10.0; Win64; x64) AppleWebKit/537.36 (KHTML, like Gecko) Chrome/126.0.0.0 Safari/537.36 Edg/126.0.0.0"
192.168.10.181 - - [14/Jul/2024:13:20:25 +0800] "GET /api/user/detail?userId=6 HTTP/1.1" 200 268 "http://192.168.10.166/activity?activityId=6" "Mozilla/5.0 (Windows NT 10.0; Win64; x64) AppleWebKit/537.36 (KHTML, like Gecko) Chrome/126.0.0.0 Safari/537.36 Edg/126.0.0.0"
192.168.10.181 - - [14/Jul/2024:13:20:25 +0800] "GET /api/club/detail?clubId=2 HTTP/1.1" 200 230 "http://192.168.10.166/activity?activityId=6" "Mozilla/5.0 (Windows NT 10.0; Win64; x64) AppleWebKit/537.36 (KHTML, like Gecko) Chrome/126.0.0.0 Safari/537.36 Edg/126.0.0.0"
192.168.30.103 - - [14/Jul/2024:13:20:27 +0800] "GET / HTTP/1.1" 200 430 "-" "Mozilla/5.0 (Windows NT 10.0; Win64; x64) AppleWebKit/537.36 (KHTML, like Gecko) Chrome/126.0.0.0 Safari/537.36"
192.168.30.103 - - [14/Jul/2024:13:20:27 +0800] "GET /assets/index-BtGLBwza.css HTTP/1.1" 200 381698 "http://192.168.10.166/" "Mozilla/5.0 (Windows NT 10.0; Win64; x64) AppleWebKit/537.36 (KHTML, like Gecko) Chrome/126.0.0.0 Safari/537.36"
192.168.30.103 - - [14/Jul/2024:13:20:27 +0800] "GET /assets/index-s-GTeyCm.js HTTP/1.1" 200 2362734 "http://192.168.10.166/" "Mozilla/5.0 (Windows NT 10.0; Win64; x64) AppleWebKit/537.36 (KHTML, like Gecko) Chrome/126.0.0.0 Safari/537.36"
192.168.30.103 - - [14/Jul/2024:13:20:28 +0800] "GET /assets/%E7%A4%BE%E5%9B%A21-CR4-UczJ.js HTTP/1.1" 200 73 "http://192.168.10.166/assets/index-s-GTeyCm.js" "Mozilla/5.0 (Windows NT 10.0; Win64; x64) AppleWebKit/537.36 (KHTML, like Gecko) Chrome/126.0.0.0 Safari/537.36"
192.168.30.103 - - [14/Jul/2024:13:20:28 +0800] "GET /assets/%E7%A4%BE%E5%9B%A22-BKwhSGtv.js HTTP/1.1" 200 73 "http://192.168.10.166/assets/index-s-GTeyCm.js" "Mozilla/5.0 (Windows NT 10.0; Win64; x64) AppleWebKit/537.36 (KHTML, like Gecko) Chrome/126.0.0.0 Safari/537.36"
192.168.30.103 - - [14/Jul/2024:13:20:28 +0800] "GET /assets/%E7%A4%BE%E5%9B%A23-sOjhnnGk.js HTTP/1.1" 200 73 "http://192.168.10.166/assets/index-s-GTeyCm.js" "Mozilla/5.0 (Windows NT 10.0; Win64; x64) AppleWebKit/537.36 (KHTML, like Gecko) Chrome/126.0.0.0 Safari/537.36"
192.168.30.103 - - [14/Jul/2024:13:20:28 +0800] "GET /assets/default-DSfpV9e6.png HTTP/1.1" 200 248040 "http://192.168.10.166/main/activity" "Mozilla/5.0 (Windows NT 10.0; Win64; x64) AppleWebKit/537.36 (KHTML, like Gecko) Chrome/126.0.0.0 Safari/537.36"
192.168.30.103 - - [14/Jul/2024:13:20:28 +0800] "GET /assets/%E7%A4%BE%E5%9B%A23-BC5QYsKm.jpg HTTP/1.1" 200 88006 "http://192.168.10.166/main/activity" "Mozilla/5.0 (Windows NT 10.0; Win64; x64) AppleWebKit/537.36 (KHTML, like Gecko) Chrome/126.0.0.0 Safari/537.36"
192.168.30.103 - - [14/Jul/2024:13:20:28 +0800] "GET /assets/%E7%A4%BE%E5%9B%A22-DwtHY700.jpg HTTP/1.1" 200 65830 "http://192.168.10.166/main/activity" "Mozilla/5.0 (Windows NT 10.0; Win64; x64) AppleWebKit/537.36 (KHTML, like Gecko) Chrome/126.0.0.0 Safari/537.36"
192.168.30.103 - - [14/Jul/2024:13:20:28 +0800] "GET /assets/%E7%A4%BE%E5%9B%A21-BdYlAick.jpg HTTP/1.1" 200 212988 "http://192.168.10.166/main/activity" "Mozilla/5.0 (Windows NT 10.0; Win64; x64) AppleWebKit/537.36 (KHTML, like Gecko) Chrome/126.0.0.0 Safari/537.36"
192.168.30.103 - - [14/Jul/2024:13:20:28 +0800] "GET /favicon.ico HTTP/1.1" 200 4286 "http://192.168.10.166/main/activity" "Mozilla/5.0 (Windows NT 10.0; Win64; x64) AppleWebKit/537.36 (KHTML, like Gecko) Chrome/126.0.0.0 Safari/537.36"
192.168.30.103 - - [14/Jul/2024:13:20:31 +0800] "GET /assets/login_bg-BNZo0NzC.jpg HTTP/1.1" 200 2589923 "http://192.168.10.166/assets/index-BtGLBwza.css" "Mozilla/5.0 (Windows NT 10.0; Win64; x64) AppleWebKit/537.36 (KHTML, like Gecko) Chrome/126.0.0.0 Safari/537.36"
192.168.10.181 - - [14/Jul/2024:13:20:40 +0800] "POST /api/activity/comment HTTP/1.1" 200 58 "http://192.168.10.166/activity?activityId=6" "Mozilla/5.0 (Windows NT 10.0; Win64; x64) AppleWebKit/537.36 (KHTML, like Gecko) Chrome/126.0.0.0 Safari/537.36 Edg/126.0.0.0"
192.168.10.181 - - [14/Jul/2024:13:20:40 +0800] "GET /api/activity/comment?activityId=6 HTTP/1.1" 200 292 "http://192.168.10.166/activity?activityId=6" "Mozilla/5.0 (Windows NT 10.0; Win64; x64) AppleWebKit/537.36 (KHTML, like Gecko) Chrome/126.0.0.0 Safari/537.36 Edg/126.0.0.0"
192.168.30.103 - - [14/Jul/2024:13:20:51 +0800] "POST /api/user/register HTTP/1.1" 200 58 "http://192.168.10.166/login" "Mozilla/5.0 (Windows NT 10.0; Win64; x64) AppleWebKit/537.36 (KHTML, like Gecko) Chrome/126.0.0.0 Safari/537.36"
192.168.10.181 - - [14/Jul/2024:13:21:01 +0800] "POST /api/activity/comment HTTP/1.1" 200 58 "http://192.168.10.166/activity?activityId=6" "Mozilla/5.0 (Windows NT 10.0; Win64; x64) AppleWebKit/537.36 (KHTML, like Gecko) Chrome/126.0.0.0 Safari/537.36 Edg/126.0.0.0"
192.168.10.181 - - [14/Jul/2024:13:21:01 +0800] "GET /api/activity/comment?activityId=6 HTTP/1.1" 200 546 "http://192.168.10.166/activity?activityId=6" "Mozilla/5.0 (Windows NT 10.0; Win64; x64) AppleWebKit/537.36 (KHTML, like Gecko) Chrome/126.0.0.0 Safari/537.36 Edg/126.0.0.0"
192.168.10.181 - - [14/Jul/2024:13:21:22 +0800] "POST /api/activity/comment HTTP/1.1" 200 58 "http://192.168.10.166/activity?activityId=6" "Mozilla/5.0 (Windows NT 10.0; Win64; x64) AppleWebKit/537.36 (KHTML, like Gecko) Chrome/126.0.0.0 Safari/537.36 Edg/126.0.0.0"
192.168.10.181 - - [14/Jul/2024:13:21:22 +0800] "GET /api/activity/comment?activityId=6 HTTP/1.1" 200 788 "http://192.168.10.166/activity?activityId=6" "Mozilla/5.0 (Windows NT 10.0; Win64; x64) AppleWebKit/537.36 (KHTML, like Gecko) Chrome/126.0.0.0 Safari/537.36 Edg/126.0.0.0"
192.168.10.181 - - [14/Jul/2024:13:21:29 +0800] "POST /api/activity/comment HTTP/1.1" 200 58 "http://192.168.10.166/activity?activityId=6" "Mozilla/5.0 (Windows NT 10.0; Win64; x64) AppleWebKit/537.36 (KHTML, like Gecko) Chrome/126.0.0.0 Safari/537.36 Edg/126.0.0.0"
192.168.10.181 - - [14/Jul/2024:13:21:29 +0800] "GET /api/activity/comment?activityId=6 HTTP/1.1" 200 1030 "http://192.168.10.166/activity?activityId=6" "Mozilla/5.0 (Windows NT 10.0; Win64; x64) AppleWebKit/537.36 (KHTML, like Gecko) Chrome/126.0.0.0 Safari/537.36 Edg/126.0.0.0"
192.168.10.181 - - [14/Jul/2024:13:21:44 +0800] "GET /api/activity/withdraw?activityId=6 HTTP/1.1" 200 58 "http://192.168.10.166/activity?activityId=6" "Mozilla/5.0 (Windows NT 10.0; Win64; x64) AppleWebKit/537.36 (KHTML, like Gecko) Chrome/126.0.0.0 Safari/537.36 Edg/126.0.0.0"
192.168.10.181 - - [14/Jul/2024:13:21:44 +0800] "GET /api/activity/detail?activityId=6 HTTP/1.1" 200 265 "http://192.168.10.166/activity?activityId=6" "Mozilla/5.0 (Windows NT 10.0; Win64; x64) AppleWebKit/537.36 (KHTML, like Gecko) Chrome/126.0.0.0 Safari/537.36 Edg/126.0.0.0"
192.168.10.181 - - [14/Jul/2024:13:21:44 +0800] "GET /api/user/detail?userId=6 HTTP/1.1" 200 268 "http://192.168.10.166/activity?activityId=6" "Mozilla/5.0 (Windows NT 10.0; Win64; x64) AppleWebKit/537.36 (KHTML, like Gecko) Chrome/126.0.0.0 Safari/537.36 Edg/126.0.0.0"
192.168.10.181 - - [14/Jul/2024:13:21:44 +0800] "GET /api/club/detail?clubId=2 HTTP/1.1" 200 230 "http://192.168.10.166/activity?activityId=6" "Mozilla/5.0 (Windows NT 10.0; Win64; x64) AppleWebKit/537.36 (KHTML, like Gecko) Chrome/126.0.0.0 Safari/537.36 Edg/126.0.0.0"
192.168.10.181 - - [14/Jul/2024:13:21:53 +0800] "GET /api/activity/withdraw?activityId=6 HTTP/1.1" 200 67 "http://192.168.10.166/activity?activityId=6" "Mozilla/5.0 (Windows NT 10.0; Win64; x64) AppleWebKit/537.36 (KHTML, like Gecko) Chrome/126.0.0.0 Safari/537.36 Edg/126.0.0.0"
192.168.10.181 - - [14/Jul/2024:13:21:57 +0800] "GET /api/user/userinfo HTTP/1.1" 200 258 "http://192.168.10.166/main/activity" "Mozilla/5.0 (Windows NT 10.0; Win64; x64) AppleWebKit/537.36 (KHTML, like Gecko) Chrome/126.0.0.0 Safari/537.36 Edg/126.0.0.0"
192.168.10.181 - - [14/Jul/2024:13:22:00 +0800] "GET /api/activity/detail?activityId=9 HTTP/1.1" 200 295 "http://192.168.10.166/activity?activityId=9" "Mozilla/5.0 (Windows NT 10.0; Win64; x64) AppleWebKit/537.36 (KHTML, like Gecko) Chrome/126.0.0.0 Safari/537.36 Edg/126.0.0.0"
192.168.10.181 - - [14/Jul/2024:13:22:00 +0800] "GET /api/activity/comment?activityId=9 HTTP/1.1" 200 56 "http://192.168.10.166/activity?activityId=9" "Mozilla/5.0 (Windows NT 10.0; Win64; x64) AppleWebKit/537.36 (KHTML, like Gecko) Chrome/126.0.0.0 Safari/537.36 Edg/126.0.0.0"
192.168.10.181 - - [14/Jul/2024:13:22:00 +0800] "GET /api/user/detail?userId=6 HTTP/1.1" 200 268 "http://192.168.10.166/activity?activityId=9" "Mozilla/5.0 (Windows NT 10.0; Win64; x64) AppleWebKit/537.36 (KHTML, like Gecko) Chrome/126.0.0.0 Safari/537.36 Edg/126.0.0.0"
192.168.10.181 - - [14/Jul/2024:13:22:00 +0800] "GET /api/club/detail?clubId=2 HTTP/1.1" 200 230 "http://192.168.10.166/activity?activityId=9" "Mozilla/5.0 (Windows NT 10.0; Win64; x64) AppleWebKit/537.36 (KHTML, like Gecko) Chrome/126.0.0.0 Safari/537.36 Edg/126.0.0.0"
192.168.30.103 - - [14/Jul/2024:13:22:01 +0800] "POST /api/user/login HTTP/1.1" 200 241 "http://192.168.10.166/login" "Mozilla/5.0 (Windows NT 10.0; Win64; x64) AppleWebKit/537.36 (KHTML, like Gecko) Chrome/126.0.0.0 Safari/537.36"
192.168.30.103 - - [14/Jul/2024:13:22:01 +0800] "GET /api/user/userinfo HTTP/1.1" 200 172 "http://192.168.10.166/main/activity" "Mozilla/5.0 (Windows NT 10.0; Win64; x64) AppleWebKit/537.36 (KHTML, like Gecko) Chrome/126.0.0.0 Safari/537.36"
192.168.10.181 - - [14/Jul/2024:13:22:02 +0800] "GET /api/user/userinfo HTTP/1.1" 200 258 "http://192.168.10.166/main/activity" "Mozilla/5.0 (Windows NT 10.0; Win64; x64) AppleWebKit/537.36 (KHTML, like Gecko) Chrome/126.0.0.0 Safari/537.36 Edg/126.0.0.0"
192.168.10.181 - - [14/Jul/2024:13:22:16 +0800] "GET /api/activity/comment?activityId=9 HTTP/1.1" 200 56 "http://192.168.10.166/activity?activityId=9" "Mozilla/5.0 (Windows NT 10.0; Win64; x64) AppleWebKit/537.36 (KHTML, like Gecko) Chrome/126.0.0.0 Safari/537.36 Edg/126.0.0.0"
192.168.10.181 - - [14/Jul/2024:13:22:16 +0800] "GET /api/activity/detail?activityId=9 HTTP/1.1" 200 295 "http://192.168.10.166/activity?activityId=9" "Mozilla/5.0 (Windows NT 10.0; Win64; x64) AppleWebKit/537.36 (KHTML, like Gecko) Chrome/126.0.0.0 Safari/537.36 Edg/126.0.0.0"
192.168.10.181 - - [14/Jul/2024:13:22:16 +0800] "GET /api/user/detail?userId=6 HTTP/1.1" 200 268 "http://192.168.10.166/activity?activityId=9" "Mozilla/5.0 (Windows NT 10.0; Win64; x64) AppleWebKit/537.36 (KHTML, like Gecko) Chrome/126.0.0.0 Safari/537.36 Edg/126.0.0.0"
192.168.10.181 - - [14/Jul/2024:13:22:16 +0800] "GET /api/club/detail?clubId=2 HTTP/1.1" 200 230 "http://192.168.10.166/activity?activityId=9" "Mozilla/5.0 (Windows NT 10.0; Win64; x64) AppleWebKit/537.36 (KHTML, like Gecko) Chrome/126.0.0.0 Safari/537.36 Edg/126.0.0.0"
192.168.10.181 - - [14/Jul/2024:13:22:19 +0800] "GET /api/user/userinfo HTTP/1.1" 200 258 "http://192.168.10.166/main/activity" "Mozilla/5.0 (Windows NT 10.0; Win64; x64) AppleWebKit/537.36 (KHTML, like Gecko) Chrome/126.0.0.0 Safari/537.36 Edg/126.0.0.0"
192.168.10.181 - - [14/Jul/2024:13:22:25 +0800] "GET /api/activity/comment?activityId=7 HTTP/1.1" 200 56 "http://192.168.10.166/activity?activityId=7" "Mozilla/5.0 (Windows NT 10.0; Win64; x64) AppleWebKit/537.36 (KHTML, like Gecko) Chrome/126.0.0.0 Safari/537.36 Edg/126.0.0.0"
192.168.10.181 - - [14/Jul/2024:13:22:25 +0800] "GET /api/activity/detail?activityId=7 HTTP/1.1" 200 308 "http://192.168.10.166/activity?activityId=7" "Mozilla/5.0 (Windows NT 10.0; Win64; x64) AppleWebKit/537.36 (KHTML, like Gecko) Chrome/126.0.0.0 Safari/537.36 Edg/126.0.0.0"
192.168.10.181 - - [14/Jul/2024:13:22:25 +0800] "GET /api/user/detail?userId=6 HTTP/1.1" 200 268 "http://192.168.10.166/activity?activityId=7" "Mozilla/5.0 (Windows NT 10.0; Win64; x64) AppleWebKit/537.36 (KHTML, like Gecko) Chrome/126.0.0.0 Safari/537.36 Edg/126.0.0.0"
192.168.10.181 - - [14/Jul/2024:13:22:25 +0800] "GET /api/club/detail?clubId=2 HTTP/1.1" 200 230 "http://192.168.10.166/activity?activityId=7" "Mozilla/5.0 (Windows NT 10.0; Win64; x64) AppleWebKit/537.36 (KHTML, like Gecko) Chrome/126.0.0.0 Safari/537.36 Edg/126.0.0.0"
192.168.10.181 - - [14/Jul/2024:13:22:27 +0800] "GET /api/user/userinfo HTTP/1.1" 200 258 "http://192.168.10.166/main/activity" "Mozilla/5.0 (Windows NT 10.0; Win64; x64) AppleWebKit/537.36 (KHTML, like Gecko) Chrome/126.0.0.0 Safari/537.36 Edg/126.0.0.0"
192.168.10.181 - - [14/Jul/2024:13:22:29 +0800] "GET /api/activity/comment?activityId=4 HTTP/1.1" 200 294 "http://192.168.10.166/activity?activityId=4" "Mozilla/5.0 (Windows NT 10.0; Win64; x64) AppleWebKit/537.36 (KHTML, like Gecko) Chrome/126.0.0.0 Safari/537.36 Edg/126.0.0.0"
192.168.10.181 - - [14/Jul/2024:13:22:29 +0800] "GET /api/activity/detail?activityId=4 HTTP/1.1" 200 310 "http://192.168.10.166/activity?activityId=4" "Mozilla/5.0 (Windows NT 10.0; Win64; x64) AppleWebKit/537.36 (KHTML, like Gecko) Chrome/126.0.0.0 Safari/537.36 Edg/126.0.0.0"
192.168.10.181 - - [14/Jul/2024:13:22:29 +0800] "GET /api/user/detail?userId=6 HTTP/1.1" 200 268 "http://192.168.10.166/activity?activityId=4" "Mozilla/5.0 (Windows NT 10.0; Win64; x64) AppleWebKit/537.36 (KHTML, like Gecko) Chrome/126.0.0.0 Safari/537.36 Edg/126.0.0.0"
192.168.10.181 - - [14/Jul/2024:13:22:30 +0800] "GET /api/club/detail?clubId=2 HTTP/1.1" 200 230 "http://192.168.10.166/activity?activityId=4" "Mozilla/5.0 (Windows NT 10.0; Win64; x64) AppleWebKit/537.36 (KHTML, like Gecko) Chrome/126.0.0.0 Safari/537.36 Edg/126.0.0.0"
192.168.10.181 - - [14/Jul/2024:13:22:31 +0800] "GET /api/user/userinfo HTTP/1.1" 200 258 "http://192.168.10.166/main/activity" "Mozilla/5.0 (Windows NT 10.0; Win64; x64) AppleWebKit/537.36 (KHTML, like Gecko) Chrome/126.0.0.0 Safari/537.36 Edg/126.0.0.0"
192.168.10.181 - - [14/Jul/2024:13:22:49 +0800] "GET /assets/defaultActivity-DAqDaK3w.jpg HTTP/1.1" 304 0 "http://192.168.10.166/activity?activityId=10" "Mozilla/5.0 (Windows NT 10.0; Win64; x64) AppleWebKit/537.36 (KHTML, like Gecko) Chrome/126.0.0.0 Safari/537.36 Edg/126.0.0.0"
192.168.10.181 - - [14/Jul/2024:13:22:49 +0800] "GET /api/activity/detail?activityId=10 HTTP/1.1" 200 386 "http://192.168.10.166/activity?activityId=10" "Mozilla/5.0 (Windows NT 10.0; Win64; x64) AppleWebKit/537.36 (KHTML, like Gecko) Chrome/126.0.0.0 Safari/537.36 Edg/126.0.0.0"
192.168.10.181 - - [14/Jul/2024:13:22:49 +0800] "GET /api/activity/comment?activityId=10 HTTP/1.1" 200 289 "http://192.168.10.166/activity?activityId=10" "Mozilla/5.0 (Windows NT 10.0; Win64; x64) AppleWebKit/537.36 (KHTML, like Gecko) Chrome/126.0.0.0 Safari/537.36 Edg/126.0.0.0"
192.168.10.181 - - [14/Jul/2024:13:22:49 +0800] "GET /api/user/detail?userId=6 HTTP/1.1" 200 268 "http://192.168.10.166/activity?activityId=10" "Mozilla/5.0 (Windows NT 10.0; Win64; x64) AppleWebKit/537.36 (KHTML, like Gecko) Chrome/126.0.0.0 Safari/537.36 Edg/126.0.0.0"
192.168.10.181 - - [14/Jul/2024:13:22:49 +0800] "GET /api/club/detail?clubId=2 HTTP/1.1" 200 230 "http://192.168.10.166/activity?activityId=10" "Mozilla/5.0 (Windows NT 10.0; Win64; x64) AppleWebKit/537.36 (KHTML, like Gecko) Chrome/126.0.0.0 Safari/537.36 Edg/126.0.0.0"
192.168.10.181 - - [14/Jul/2024:13:23:12 +0800] "POST /api/activity/comment HTTP/1.1" 200 58 "http://192.168.10.166/activity?activityId=10" "Mozilla/5.0 (Windows NT 10.0; Win64; x64) AppleWebKit/537.36 (KHTML, like Gecko) Chrome/126.0.0.0 Safari/537.36 Edg/126.0.0.0"
192.168.10.181 - - [14/Jul/2024:13:23:12 +0800] "GET /api/activity/comment?activityId=10 HTTP/1.1" 200 563 "http://192.168.10.166/activity?activityId=10" "Mozilla/5.0 (Windows NT 10.0; Win64; x64) AppleWebKit/537.36 (KHTML, like Gecko) Chrome/126.0.0.0 Safari/537.36 Edg/126.0.0.0"
192.168.10.181 - - [14/Jul/2024:13:23:21 +0800] "GET /api/user/userinfo HTTP/1.1" 200 258 "http://192.168.10.166/main/activity" "Mozilla/5.0 (Windows NT 10.0; Win64; x64) AppleWebKit/537.36 (KHTML, like Gecko) Chrome/126.0.0.0 Safari/537.36 Edg/126.0.0.0"
192.168.10.181 - - [14/Jul/2024:13:23:34 +0800] "POST /api/user/modifyBaseInfo HTTP/1.1" 200 58 "http://192.168.10.166/main/info" "Mozilla/5.0 (Windows NT 10.0; Win64; x64) AppleWebKit/537.36 (KHTML, like Gecko) Chrome/126.0.0.0 Safari/537.36 Edg/126.0.0.0"
192.168.10.181 - - [14/Jul/2024:13:23:38 +0800] "GET /api/user/userinfo HTTP/1.1" 200 262 "http://192.168.10.166/main/mymainpage" "Mozilla/5.0 (Windows NT 10.0; Win64; x64) AppleWebKit/537.36 (KHTML, like Gecko) Chrome/126.0.0.0 Safari/537.36 Edg/126.0.0.0"
192.168.10.181 - - [14/Jul/2024:13:23:40 +0800] "GET /api/myactivity/list HTTP/1.1" 404 115 "http://192.168.10.166/main/mymainpage/myactivity" "Mozilla/5.0 (Windows NT 10.0; Win64; x64) AppleWebKit/537.36 (KHTML, like Gecko) Chrome/126.0.0.0 Safari/537.36 Edg/126.0.0.0"
192.168.10.181 - - [14/Jul/2024:13:23:41 +0800] "GET /api/myremark/list HTTP/1.1" 404 113 "http://192.168.10.166/main/mymainpage/myremark" "Mozilla/5.0 (Windows NT 10.0; Win64; x64) AppleWebKit/537.36 (KHTML, like Gecko) Chrome/126.0.0.0 Safari/537.36 Edg/126.0.0.0"
192.168.10.181 - - [14/Jul/2024:13:23:42 +0800] "GET /api/myactivity/list HTTP/1.1" 404 115 "http://192.168.10.166/main/mymainpage/myactivity" "Mozilla/5.0 (Windows NT 10.0; Win64; x64) AppleWebKit/537.36 (KHTML, like Gecko) Chrome/126.0.0.0 Safari/537.36 Edg/126.0.0.0"
192.168.10.181 - - [14/Jul/2024:13:23:45 +0800] "GET /api/myremark/list HTTP/1.1" 404 113 "http://192.168.10.166/main/mymainpage/myremark" "Mozilla/5.0 (Windows NT 10.0; Win64; x64) AppleWebKit/537.36 (KHTML, like Gecko) Chrome/126.0.0.0 Safari/537.36 Edg/126.0.0.0"
192.168.10.181 - - [14/Jul/2024:13:23:46 +0800] "GET /api/myactivity/list HTTP/1.1" 404 115 "http://192.168.10.166/main/mymainpage/myactivity" "Mozilla/5.0 (Windows NT 10.0; Win64; x64) AppleWebKit/537.36 (KHTML, like Gecko) Chrome/126.0.0.0 Safari/537.36 Edg/126.0.0.0"
192.168.10.181 - - [14/Jul/2024:13:24:21 +0800] "GET /assets/defaultActivity-DAqDaK3w.jpg HTTP/1.1" 304 0 "http://192.168.10.166/activity?activityId=10" "Mozilla/5.0 (Windows NT 10.0; Win64; x64) AppleWebKit/537.36 (KHTML, like Gecko) Chrome/126.0.0.0 Safari/537.36 Edg/126.0.0.0"
192.168.10.181 - - [14/Jul/2024:13:24:21 +0800] "GET /api/activity/detail?activityId=10 HTTP/1.1" 200 386 "http://192.168.10.166/activity?activityId=10" "Mozilla/5.0 (Windows NT 10.0; Win64; x64) AppleWebKit/537.36 (KHTML, like Gecko) Chrome/126.0.0.0 Safari/537.36 Edg/126.0.0.0"
192.168.10.181 - - [14/Jul/2024:13:24:21 +0800] "GET /api/activity/comment?activityId=10 HTTP/1.1" 200 563 "http://192.168.10.166/activity?activityId=10" "Mozilla/5.0 (Windows NT 10.0; Win64; x64) AppleWebKit/537.36 (KHTML, like Gecko) Chrome/126.0.0.0 Safari/537.36 Edg/126.0.0.0"
192.168.10.181 - - [14/Jul/2024:13:24:21 +0800] "GET /api/user/detail?userId=6 HTTP/1.1" 200 268 "http://192.168.10.166/activity?activityId=10" "Mozilla/5.0 (Windows NT 10.0; Win64; x64) AppleWebKit/537.36 (KHTML, like Gecko) Chrome/126.0.0.0 Safari/537.36 Edg/126.0.0.0"
192.168.10.181 - - [14/Jul/2024:13:24:21 +0800] "GET /api/club/detail?clubId=2 HTTP/1.1" 200 230 "http://192.168.10.166/activity?activityId=10" "Mozilla/5.0 (Windows NT 10.0; Win64; x64) AppleWebKit/537.36 (KHTML, like Gecko) Chrome/126.0.0.0 Safari/537.36 Edg/126.0.0.0"
192.168.10.181 - - [14/Jul/2024:13:24:23 +0800] "GET /api/activity/enroll?activityId=10 HTTP/1.1" 200 58 "http://192.168.10.166/activity?activityId=10" "Mozilla/5.0 (Windows NT 10.0; Win64; x64) AppleWebKit/537.36 (KHTML, like Gecko) Chrome/126.0.0.0 Safari/537.36 Edg/126.0.0.0"
192.168.10.181 - - [14/Jul/2024:13:24:23 +0800] "GET /api/activity/detail?activityId=10 HTTP/1.1" 200 386 "http://192.168.10.166/activity?activityId=10" "Mozilla/5.0 (Windows NT 10.0; Win64; x64) AppleWebKit/537.36 (KHTML, like Gecko) Chrome/126.0.0.0 Safari/537.36 Edg/126.0.0.0"
192.168.10.181 - - [14/Jul/2024:13:24:23 +0800] "GET /api/user/detail?userId=6 HTTP/1.1" 200 268 "http://192.168.10.166/activity?activityId=10" "Mozilla/5.0 (Windows NT 10.0; Win64; x64) AppleWebKit/537.36 (KHTML, like Gecko) Chrome/126.0.0.0 Safari/537.36 Edg/126.0.0.0"
192.168.10.181 - - [14/Jul/2024:13:24:23 +0800] "GET /api/club/detail?clubId=2 HTTP/1.1" 200 230 "http://192.168.10.166/activity?activityId=10" "Mozilla/5.0 (Windows NT 10.0; Win64; x64) AppleWebKit/537.36 (KHTML, like Gecko) Chrome/126.0.0.0 Safari/537.36 Edg/126.0.0.0"
192.168.10.181 - - [14/Jul/2024:13:24:30 +0800] "GET /api/activity/enroll?activityId=10 HTTP/1.1" 200 70 "http://192.168.10.166/activity?activityId=10" "Mozilla/5.0 (Windows NT 10.0; Win64; x64) AppleWebKit/537.36 (KHTML, like Gecko) Chrome/126.0.0.0 Safari/537.36 Edg/126.0.0.0"
192.168.10.181 - - [14/Jul/2024:13:24:32 +0800] "GET /api/user/userinfo HTTP/1.1" 200 262 "http://192.168.10.166/main/activity" "Mozilla/5.0 (Windows NT 10.0; Win64; x64) AppleWebKit/537.36 (KHTML, like Gecko) Chrome/126.0.0.0 Safari/537.36 Edg/126.0.0.0"
192.168.10.181 - - [14/Jul/2024:13:24:34 +0800] "GET /api/user/userinfo HTTP/1.1" 200 262 "http://192.168.10.166/main/mymainpage" "Mozilla/5.0 (Windows NT 10.0; Win64; x64) AppleWebKit/537.36 (KHTML, like Gecko) Chrome/126.0.0.0 Safari/537.36 Edg/126.0.0.0"
192.168.10.181 - - [14/Jul/2024:13:24:35 +0800] "GET /api/myactivity/list HTTP/1.1" 404 115 "http://192.168.10.166/main/mymainpage/myactivity" "Mozilla/5.0 (Windows NT 10.0; Win64; x64) AppleWebKit/537.36 (KHTML, like Gecko) Chrome/126.0.0.0 Safari/537.36 Edg/126.0.0.0"
192.168.30.103 - - [14/Jul/2024:13:24:38 +0800] "GET /assets/logo-lsAxfQFw.png HTTP/1.1" 200 202898 "http://192.168.10.166/assets/index-BtGLBwza.css" "Mozilla/5.0 (Windows NT 10.0; Win64; x64) AppleWebKit/537.36 (KHTML, like Gecko) Chrome/126.0.0.0 Safari/537.36"
192.168.30.103 - - [14/Jul/2024:13:24:38 +0800] "GET /api/user/userinfo HTTP/1.1" 200 172 "http://192.168.10.166/main/mymainpage" "Mozilla/5.0 (Windows NT 10.0; Win64; x64) AppleWebKit/537.36 (KHTML, like Gecko) Chrome/126.0.0.0 Safari/537.36"
192.168.30.103 - - [14/Jul/2024:13:24:39 +0800] "GET /api/myactivity/list HTTP/1.1" 404 115 "http://192.168.10.166/main/mymainpage/myactivity" "Mozilla/5.0 (Windows NT 10.0; Win64; x64) AppleWebKit/537.36 (KHTML, like Gecko) Chrome/126.0.0.0 Safari/537.36"
192.168.30.103 - - [14/Jul/2024:13:24:40 +0800] "GET /api/myremark/list HTTP/1.1" 404 113 "http://192.168.10.166/main/mymainpage/myremark" "Mozilla/5.0 (Windows NT 10.0; Win64; x64) AppleWebKit/537.36 (KHTML, like Gecko) Chrome/126.0.0.0 Safari/537.36"
192.168.30.103 - - [14/Jul/2024:13:24:41 +0800] "GET /api/myactivity/list HTTP/1.1" 404 115 "http://192.168.10.166/main/mymainpage/myactivity" "Mozilla/5.0 (Windows NT 10.0; Win64; x64) AppleWebKit/537.36 (KHTML, like Gecko) Chrome/126.0.0.0 Safari/537.36"
192.168.30.103 - - [14/Jul/2024:13:24:47 +0800] "GET /api/myremark/list HTTP/1.1" 404 113 "http://192.168.10.166/main/mymainpage/myremark" "Mozilla/5.0 (Windows NT 10.0; Win64; x64) AppleWebKit/537.36 (KHTML, like Gecko) Chrome/126.0.0.0 Safari/537.36"
192.168.10.181 - - [14/Jul/2024:13:25:21 +0800] "GET /assets/defaultActivity-DAqDaK3w.jpg HTTP/1.1" 304 0 "http://192.168.10.166/activity?activityId=5" "Mozilla/5.0 (Windows NT 10.0; Win64; x64) AppleWebKit/537.36 (KHTML, like Gecko) Chrome/126.0.0.0 Safari/537.36 Edg/126.0.0.0"
192.168.10.181 - - [14/Jul/2024:13:25:21 +0800] "GET /api/activity/detail?activityId=5 HTTP/1.1" 200 307 "http://192.168.10.166/activity?activityId=5" "Mozilla/5.0 (Windows NT 10.0; Win64; x64) AppleWebKit/537.36 (KHTML, like Gecko) Chrome/126.0.0.0 Safari/537.36 Edg/126.0.0.0"
192.168.10.181 - - [14/Jul/2024:13:25:21 +0800] "GET /api/activity/comment?activityId=5 HTTP/1.1" 200 533 "http://192.168.10.166/activity?activityId=5" "Mozilla/5.0 (Windows NT 10.0; Win64; x64) AppleWebKit/537.36 (KHTML, like Gecko) Chrome/126.0.0.0 Safari/537.36 Edg/126.0.0.0"
192.168.10.181 - - [14/Jul/2024:13:25:21 +0800] "GET /api/user/detail?userId=6 HTTP/1.1" 200 268 "http://192.168.10.166/activity?activityId=5" "Mozilla/5.0 (Windows NT 10.0; Win64; x64) AppleWebKit/537.36 (KHTML, like Gecko) Chrome/126.0.0.0 Safari/537.36 Edg/126.0.0.0"
192.168.10.181 - - [14/Jul/2024:13:25:21 +0800] "GET /api/club/detail?clubId=2 HTTP/1.1" 200 230 "http://192.168.10.166/activity?activityId=5" "Mozilla/5.0 (Windows NT 10.0; Win64; x64) AppleWebKit/537.36 (KHTML, like Gecko) Chrome/126.0.0.0 Safari/537.36 Edg/126.0.0.0"
192.168.10.181 - - [14/Jul/2024:13:25:24 +0800] "GET /api/activity/enroll?activityId=5 HTTP/1.1" 200 58 "http://192.168.10.166/activity?activityId=5" "Mozilla/5.0 (Windows NT 10.0; Win64; x64) AppleWebKit/537.36 (KHTML, like Gecko) Chrome/126.0.0.0 Safari/537.36 Edg/126.0.0.0"
192.168.10.181 - - [14/Jul/2024:13:25:24 +0800] "GET /api/activity/detail?activityId=5 HTTP/1.1" 200 307 "http://192.168.10.166/activity?activityId=5" "Mozilla/5.0 (Windows NT 10.0; Win64; x64) AppleWebKit/537.36 (KHTML, like Gecko) Chrome/126.0.0.0 Safari/537.36 Edg/126.0.0.0"
192.168.10.181 - - [14/Jul/2024:13:25:24 +0800] "GET /api/user/detail?userId=6 HTTP/1.1" 200 268 "http://192.168.10.166/activity?activityId=5" "Mozilla/5.0 (Windows NT 10.0; Win64; x64) AppleWebKit/537.36 (KHTML, like Gecko) Chrome/126.0.0.0 Safari/537.36 Edg/126.0.0.0"
192.168.10.181 - - [14/Jul/2024:13:25:24 +0800] "GET /api/club/detail?clubId=2 HTTP/1.1" 200 230 "http://192.168.10.166/activity?activityId=5" "Mozilla/5.0 (Windows NT 10.0; Win64; x64) AppleWebKit/537.36 (KHTML, like Gecko) Chrome/126.0.0.0 Safari/537.36 Edg/126.0.0.0"
192.168.10.181 - - [14/Jul/2024:13:25:25 +0800] "GET /api/user/userinfo HTTP/1.1" 200 262 "http://192.168.10.166/main/activity" "Mozilla/5.0 (Windows NT 10.0; Win64; x64) AppleWebKit/537.36 (KHTML, like Gecko) Chrome/126.0.0.0 Safari/537.36 Edg/126.0.0.0"
192.168.10.181 - - [14/Jul/2024:13:25:27 +0800] "GET /api/activity/comment?activityId=3 HTTP/1.1" 200 360 "http://192.168.10.166/activity?activityId=3" "Mozilla/5.0 (Windows NT 10.0; Win64; x64) AppleWebKit/537.36 (KHTML, like Gecko) Chrome/126.0.0.0 Safari/537.36 Edg/126.0.0.0"
192.168.10.181 - - [14/Jul/2024:13:25:27 +0800] "GET /api/activity/detail?activityId=3 HTTP/1.1" 200 295 "http://192.168.10.166/activity?activityId=3" "Mozilla/5.0 (Windows NT 10.0; Win64; x64) AppleWebKit/537.36 (KHTML, like Gecko) Chrome/126.0.0.0 Safari/537.36 Edg/126.0.0.0"
192.168.10.181 - - [14/Jul/2024:13:25:27 +0800] "GET /assets/default-DSfpV9e6.png HTTP/1.1" 304 0 "http://192.168.10.166/activity?activityId=3" "Mozilla/5.0 (Windows NT 10.0; Win64; x64) AppleWebKit/537.36 (KHTML, like Gecko) Chrome/126.0.0.0 Safari/537.36 Edg/126.0.0.0"
192.168.10.181 - - [14/Jul/2024:13:25:27 +0800] "GET /api/user/detail?userId=6 HTTP/1.1" 200 268 "http://192.168.10.166/activity?activityId=3" "Mozilla/5.0 (Windows NT 10.0; Win64; x64) AppleWebKit/537.36 (KHTML, like Gecko) Chrome/126.0.0.0 Safari/537.36 Edg/126.0.0.0"
192.168.10.181 - - [14/Jul/2024:13:25:27 +0800] "GET /api/club/detail?clubId=2 HTTP/1.1" 200 230 "http://192.168.10.166/activity?activityId=3" "Mozilla/5.0 (Windows NT 10.0; Win64; x64) AppleWebKit/537.36 (KHTML, like Gecko) Chrome/126.0.0.0 Safari/537.36 Edg/126.0.0.0"
192.168.10.181 - - [14/Jul/2024:13:25:30 +0800] "GET /api/activity/enroll?activityId=3 HTTP/1.1" 200 58 "http://192.168.10.166/activity?activityId=3" "Mozilla/5.0 (Windows NT 10.0; Win64; x64) AppleWebKit/537.36 (KHTML, like Gecko) Chrome/126.0.0.0 Safari/537.36 Edg/126.0.0.0"
192.168.10.181 - - [14/Jul/2024:13:25:30 +0800] "GET /api/activity/detail?activityId=3 HTTP/1.1" 200 295 "http://192.168.10.166/activity?activityId=3" "Mozilla/5.0 (Windows NT 10.0; Win64; x64) AppleWebKit/537.36 (KHTML, like Gecko) Chrome/126.0.0.0 Safari/537.36 Edg/126.0.0.0"
192.168.10.181 - - [14/Jul/2024:13:25:30 +0800] "GET /api/user/detail?userId=6 HTTP/1.1" 200 268 "http://192.168.10.166/activity?activityId=3" "Mozilla/5.0 (Windows NT 10.0; Win64; x64) AppleWebKit/537.36 (KHTML, like Gecko) Chrome/126.0.0.0 Safari/537.36 Edg/126.0.0.0"
192.168.10.181 - - [14/Jul/2024:13:25:30 +0800] "GET /api/club/detail?clubId=2 HTTP/1.1" 200 230 "http://192.168.10.166/activity?activityId=3" "Mozilla/5.0 (Windows NT 10.0; Win64; x64) AppleWebKit/537.36 (KHTML, like Gecko) Chrome/126.0.0.0 Safari/537.36 Edg/126.0.0.0"
192.168.10.181 - - [14/Jul/2024:13:25:31 +0800] "GET /api/activity/enroll?activityId=3 HTTP/1.1" 200 70 "http://192.168.10.166/activity?activityId=3" "Mozilla/5.0 (Windows NT 10.0; Win64; x64) AppleWebKit/537.36 (KHTML, like Gecko) Chrome/126.0.0.0 Safari/537.36 Edg/126.0.0.0"
192.168.10.181 - - [14/Jul/2024:13:25:31 +0800] "GET /api/activity/enroll?activityId=3 HTTP/1.1" 200 70 "http://192.168.10.166/activity?activityId=3" "Mozilla/5.0 (Windows NT 10.0; Win64; x64) AppleWebKit/537.36 (KHTML, like Gecko) Chrome/126.0.0.0 Safari/537.36 Edg/126.0.0.0"
192.168.10.181 - - [14/Jul/2024:13:25:33 +0800] "GET /api/user/userinfo HTTP/1.1" 200 262 "http://192.168.10.166/main/activity" "Mozilla/5.0 (Windows NT 10.0; Win64; x64) AppleWebKit/537.36 (KHTML, like Gecko) Chrome/126.0.0.0 Safari/537.36 Edg/126.0.0.0"
192.168.10.181 - - [14/Jul/2024:13:25:35 +0800] "GET /api/activity/detail?activityId=2 HTTP/1.1" 200 310 "http://192.168.10.166/activity?activityId=2" "Mozilla/5.0 (Windows NT 10.0; Win64; x64) AppleWebKit/537.36 (KHTML, like Gecko) Chrome/126.0.0.0 Safari/537.36 Edg/126.0.0.0"
192.168.10.181 - - [14/Jul/2024:13:25:35 +0800] "GET /api/activity/comment?activityId=2 HTTP/1.1" 200 360 "http://192.168.10.166/activity?activityId=2" "Mozilla/5.0 (Windows NT 10.0; Win64; x64) AppleWebKit/537.36 (KHTML, like Gecko) Chrome/126.0.0.0 Safari/537.36 Edg/126.0.0.0"
192.168.10.181 - - [14/Jul/2024:13:25:35 +0800] "GET /api/user/detail?userId=3 HTTP/1.1" 200 166 "http://192.168.10.166/activity?activityId=2" "Mozilla/5.0 (Windows NT 10.0; Win64; x64) AppleWebKit/537.36 (KHTML, like Gecko) Chrome/126.0.0.0 Safari/537.36 Edg/126.0.0.0"
192.168.10.181 - - [14/Jul/2024:13:25:35 +0800] "GET /api/club/detail?clubId=2 HTTP/1.1" 200 230 "http://192.168.10.166/activity?activityId=2" "Mozilla/5.0 (Windows NT 10.0; Win64; x64) AppleWebKit/537.36 (KHTML, like Gecko) Chrome/126.0.0.0 Safari/537.36 Edg/126.0.0.0"
192.168.10.181 - - [14/Jul/2024:13:25:36 +0800] "GET /api/activity/enroll?activityId=2 HTTP/1.1" 200 58 "http://192.168.10.166/activity?activityId=2" "Mozilla/5.0 (Windows NT 10.0; Win64; x64) AppleWebKit/537.36 (KHTML, like Gecko) Chrome/126.0.0.0 Safari/537.36 Edg/126.0.0.0"
192.168.10.181 - - [14/Jul/2024:13:25:36 +0800] "GET /api/activity/detail?activityId=2 HTTP/1.1" 200 310 "http://192.168.10.166/activity?activityId=2" "Mozilla/5.0 (Windows NT 10.0; Win64; x64) AppleWebKit/537.36 (KHTML, like Gecko) Chrome/126.0.0.0 Safari/537.36 Edg/126.0.0.0"
192.168.10.181 - - [14/Jul/2024:13:25:36 +0800] "GET /api/user/detail?userId=3 HTTP/1.1" 200 166 "http://192.168.10.166/activity?activityId=2" "Mozilla/5.0 (Windows NT 10.0; Win64; x64) AppleWebKit/537.36 (KHTML, like Gecko) Chrome/126.0.0.0 Safari/537.36 Edg/126.0.0.0"
192.168.10.181 - - [14/Jul/2024:13:25:36 +0800] "GET /api/club/detail?clubId=2 HTTP/1.1" 200 230 "http://192.168.10.166/activity?activityId=2" "Mozilla/5.0 (Windows NT 10.0; Win64; x64) AppleWebKit/537.36 (KHTML, like Gecko) Chrome/126.0.0.0 Safari/537.36 Edg/126.0.0.0"
192.168.10.181 - - [14/Jul/2024:13:25:37 +0800] "GET /api/user/userinfo HTTP/1.1" 200 262 "http://192.168.10.166/main/activity" "Mozilla/5.0 (Windows NT 10.0; Win64; x64) AppleWebKit/537.36 (KHTML, like Gecko) Chrome/126.0.0.0 Safari/537.36 Edg/126.0.0.0"
192.168.10.181 - - [14/Jul/2024:13:25:40 +0800] "GET /api/activity/comment?activityId=2 HTTP/1.1" 200 360 "http://192.168.10.166/activity?activityId=2" "Mozilla/5.0 (Windows NT 10.0; Win64; x64) AppleWebKit/537.36 (KHTML, like Gecko) Chrome/126.0.0.0 Safari/537.36 Edg/126.0.0.0"
192.168.10.181 - - [14/Jul/2024:13:25:40 +0800] "GET /api/activity/detail?activityId=2 HTTP/1.1" 200 310 "http://192.168.10.166/activity?activityId=2" "Mozilla/5.0 (Windows NT 10.0; Win64; x64) AppleWebKit/537.36 (KHTML, like Gecko) Chrome/126.0.0.0 Safari/537.36 Edg/126.0.0.0"
192.168.10.181 - - [14/Jul/2024:13:25:40 +0800] "GET /api/user/detail?userId=3 HTTP/1.1" 200 166 "http://192.168.10.166/activity?activityId=2" "Mozilla/5.0 (Windows NT 10.0; Win64; x64) AppleWebKit/537.36 (KHTML, like Gecko) Chrome/126.0.0.0 Safari/537.36 Edg/126.0.0.0"
192.168.10.181 - - [14/Jul/2024:13:25:40 +0800] "GET /api/club/detail?clubId=2 HTTP/1.1" 200 230 "http://192.168.10.166/activity?activityId=2" "Mozilla/5.0 (Windows NT 10.0; Win64; x64) AppleWebKit/537.36 (KHTML, like Gecko) Chrome/126.0.0.0 Safari/537.36 Edg/126.0.0.0"
192.168.10.181 - - [14/Jul/2024:13:25:41 +0800] "GET /api/activity/enroll?activityId=2 HTTP/1.1" 200 70 "http://192.168.10.166/activity?activityId=2" "Mozilla/5.0 (Windows NT 10.0; Win64; x64) AppleWebKit/537.36 (KHTML, like Gecko) Chrome/126.0.0.0 Safari/537.36 Edg/126.0.0.0"
192.168.10.181 - - [14/Jul/2024:13:25:45 +0800] "GET /api/activity/enroll?activityId=2 HTTP/1.1" 200 70 "http://192.168.10.166/activity?activityId=2" "Mozilla/5.0 (Windows NT 10.0; Win64; x64) AppleWebKit/537.36 (KHTML, like Gecko) Chrome/126.0.0.0 Safari/537.36 Edg/126.0.0.0"
192.168.30.103 - - [14/Jul/2024:13:25:46 +0800] "POST /api/user/modifyBaseInfo HTTP/1.1" 200 58 "http://192.168.10.166/main/info" "Mozilla/5.0 (Windows NT 10.0; Win64; x64) AppleWebKit/537.36 (KHTML, like Gecko) Chrome/126.0.0.0 Safari/537.36"
192.168.10.181 - - [14/Jul/2024:13:25:47 +0800] "GET /api/user/userinfo HTTP/1.1" 200 262 "http://192.168.10.166/main/activity" "Mozilla/5.0 (Windows NT 10.0; Win64; x64) AppleWebKit/537.36 (KHTML, like Gecko) Chrome/126.0.0.0 Safari/537.36 Edg/126.0.0.0"
192.168.30.103 - - [14/Jul/2024:13:26:08 +0800] "POST /api/upload/photo HTTP/1.1" 200 144 "http://192.168.10.166/main/avatar" "Mozilla/5.0 (Windows NT 10.0; Win64; x64) AppleWebKit/537.36 (KHTML, like Gecko) Chrome/126.0.0.0 Safari/537.36"
192.168.30.103 - - [14/Jul/2024:13:26:10 +0800] "POST /api/user/updateAvatar HTTP/1.1" 200 58 "http://192.168.10.166/main/avatar" "Mozilla/5.0 (Windows NT 10.0; Win64; x64) AppleWebKit/537.36 (KHTML, like Gecko) Chrome/126.0.0.0 Safari/537.36"
192.168.10.181 - - [14/Jul/2024:13:26:16 +0800] "GET /assets/login_bg-BNZo0NzC.jpg HTTP/1.1" 200 2589923 "http://192.168.10.166/assets/index-BtGLBwza.css" "Mozilla/5.0 (Windows NT 10.0; Win64; x64) AppleWebKit/537.36 (KHTML, like Gecko) Chrome/126.0.0.0 Safari/537.36 Edg/126.0.0.0"
192.168.30.103 - - [14/Jul/2024:13:26:26 +0800] "POST /api/user/resetPassword HTTP/1.1" 200 67 "http://192.168.10.166/main/resetpd" "Mozilla/5.0 (Windows NT 10.0; Win64; x64) AppleWebKit/537.36 (KHTML, like Gecko) Chrome/126.0.0.0 Safari/537.36"
192.168.30.103 - - [14/Jul/2024:13:26:34 +0800] "POST /api/user/resetPassword HTTP/1.1" 200 58 "http://192.168.10.166/main/resetpd" "Mozilla/5.0 (Windows NT 10.0; Win64; x64) AppleWebKit/537.36 (KHTML, like Gecko) Chrome/126.0.0.0 Safari/537.36"
192.168.30.103 - - [14/Jul/2024:13:27:32 +0800] "POST /api/user/login HTTP/1.1" 200 241 "http://192.168.10.166/login" "Mozilla/5.0 (Windows NT 10.0; Win64; x64) AppleWebKit/537.36 (KHTML, like Gecko) Chrome/126.0.0.0 Safari/537.36"
192.168.30.103 - - [14/Jul/2024:13:27:32 +0800] "GET /api/user/userinfo HTTP/1.1" 200 274 "http://192.168.10.166/main/activity" "Mozilla/5.0 (Windows NT 10.0; Win64; x64) AppleWebKit/537.36 (KHTML, like Gecko) Chrome/126.0.0.0 Safari/537.36"
192.168.10.181 - - [14/Jul/2024:13:27:33 +0800] "POST /api/user/register HTTP/1.1" 200 77 "http://192.168.10.166/login" "Mozilla/5.0 (Windows NT 10.0; Win64; x64) AppleWebKit/537.36 (KHTML, like Gecko) Chrome/126.0.0.0 Safari/537.36 Edg/126.0.0.0"
192.168.30.103 - - [14/Jul/2024:13:27:45 +0800] "GET /assets/defaultActivity-DAqDaK3w.jpg HTTP/1.1" 200 103355 "http://192.168.10.166/activity?activityId=2" "Mozilla/5.0 (Windows NT 10.0; Win64; x64) AppleWebKit/537.36 (KHTML, like Gecko) Chrome/126.0.0.0 Safari/537.36"
192.168.30.103 - - [14/Jul/2024:13:27:45 +0800] "GET /api/activity/detail?activityId=2 HTTP/1.1" 200 310 "http://192.168.10.166/activity?activityId=2" "Mozilla/5.0 (Windows NT 10.0; Win64; x64) AppleWebKit/537.36 (KHTML, like Gecko) Chrome/126.0.0.0 Safari/537.36"
192.168.30.103 - - [14/Jul/2024:13:27:45 +0800] "GET /api/activity/comment?activityId=2 HTTP/1.1" 200 360 "http://192.168.10.166/activity?activityId=2" "Mozilla/5.0 (Windows NT 10.0; Win64; x64) AppleWebKit/537.36 (KHTML, like Gecko) Chrome/126.0.0.0 Safari/537.36"
192.168.30.103 - - [14/Jul/2024:13:27:45 +0800] "GET /api/user/detail?userId=3 HTTP/1.1" 200 166 "http://192.168.10.166/activity?activityId=2" "Mozilla/5.0 (Windows NT 10.0; Win64; x64) AppleWebKit/537.36 (KHTML, like Gecko) Chrome/126.0.0.0 Safari/537.36"
192.168.30.103 - - [14/Jul/2024:13:27:46 +0800] "GET /api/club/detail?clubId=2 HTTP/1.1" 200 230 "http://192.168.10.166/activity?activityId=2" "Mozilla/5.0 (Windows NT 10.0; Win64; x64) AppleWebKit/537.36 (KHTML, like Gecko) Chrome/126.0.0.0 Safari/537.36"
192.168.30.103 - - [14/Jul/2024:13:27:51 +0800] "GET /api/activity/enroll?activityId=2 HTTP/1.1" 200 58 "http://192.168.10.166/activity?activityId=2" "Mozilla/5.0 (Windows NT 10.0; Win64; x64) AppleWebKit/537.36 (KHTML, like Gecko) Chrome/126.0.0.0 Safari/537.36"
192.168.30.103 - - [14/Jul/2024:13:27:51 +0800] "GET /api/activity/detail?activityId=2 HTTP/1.1" 200 310 "http://192.168.10.166/activity?activityId=2" "Mozilla/5.0 (Windows NT 10.0; Win64; x64) AppleWebKit/537.36 (KHTML, like Gecko) Chrome/126.0.0.0 Safari/537.36"
192.168.30.103 - - [14/Jul/2024:13:27:51 +0800] "GET /api/user/detail?userId=3 HTTP/1.1" 200 166 "http://192.168.10.166/activity?activityId=2" "Mozilla/5.0 (Windows NT 10.0; Win64; x64) AppleWebKit/537.36 (KHTML, like Gecko) Chrome/126.0.0.0 Safari/537.36"
192.168.30.103 - - [14/Jul/2024:13:27:51 +0800] "GET /api/club/detail?clubId=2 HTTP/1.1" 200 230 "http://192.168.10.166/activity?activityId=2" "Mozilla/5.0 (Windows NT 10.0; Win64; x64) AppleWebKit/537.36 (KHTML, like Gecko) Chrome/126.0.0.0 Safari/537.36"
192.168.10.181 - - [14/Jul/2024:13:27:51 +0800] "POST /api/user/register HTTP/1.1" 200 58 "http://192.168.10.166/login" "Mozilla/5.0 (Windows NT 10.0; Win64; x64) AppleWebKit/537.36 (KHTML, like Gecko) Chrome/126.0.0.0 Safari/537.36 Edg/126.0.0.0"
192.168.30.103 - - [14/Jul/2024:13:27:56 +0800] "GET /api/activity/enroll?activityId=2 HTTP/1.1" 200 70 "http://192.168.10.166/activity?activityId=2" "Mozilla/5.0 (Windows NT 10.0; Win64; x64) AppleWebKit/537.36 (KHTML, like Gecko) Chrome/126.0.0.0 Safari/537.36"
192.168.30.103 - - [14/Jul/2024:13:27:58 +0800] "GET /api/activity/withdraw?activityId=2 HTTP/1.1" 200 58 "http://192.168.10.166/activity?activityId=2" "Mozilla/5.0 (Windows NT 10.0; Win64; x64) AppleWebKit/537.36 (KHTML, like Gecko) Chrome/126.0.0.0 Safari/537.36"
192.168.30.103 - - [14/Jul/2024:13:27:58 +0800] "GET /api/activity/detail?activityId=2 HTTP/1.1" 200 310 "http://192.168.10.166/activity?activityId=2" "Mozilla/5.0 (Windows NT 10.0; Win64; x64) AppleWebKit/537.36 (KHTML, like Gecko) Chrome/126.0.0.0 Safari/537.36"
192.168.30.103 - - [14/Jul/2024:13:27:58 +0800] "GET /api/user/detail?userId=3 HTTP/1.1" 200 166 "http://192.168.10.166/activity?activityId=2" "Mozilla/5.0 (Windows NT 10.0; Win64; x64) AppleWebKit/537.36 (KHTML, like Gecko) Chrome/126.0.0.0 Safari/537.36"
192.168.30.103 - - [14/Jul/2024:13:27:58 +0800] "GET /api/club/detail?clubId=2 HTTP/1.1" 200 230 "http://192.168.10.166/activity?activityId=2" "Mozilla/5.0 (Windows NT 10.0; Win64; x64) AppleWebKit/537.36 (KHTML, like Gecko) Chrome/126.0.0.0 Safari/537.36"
192.168.30.103 - - [14/Jul/2024:13:28:01 +0800] "GET /api/activity/enroll?activityId=2 HTTP/1.1" 200 58 "http://192.168.10.166/activity?activityId=2" "Mozilla/5.0 (Windows NT 10.0; Win64; x64) AppleWebKit/537.36 (KHTML, like Gecko) Chrome/126.0.0.0 Safari/537.36"
192.168.30.103 - - [14/Jul/2024:13:28:01 +0800] "GET /api/activity/detail?activityId=2 HTTP/1.1" 200 310 "http://192.168.10.166/activity?activityId=2" "Mozilla/5.0 (Windows NT 10.0; Win64; x64) AppleWebKit/537.36 (KHTML, like Gecko) Chrome/126.0.0.0 Safari/537.36"
192.168.30.103 - - [14/Jul/2024:13:28:01 +0800] "GET /api/user/detail?userId=3 HTTP/1.1" 200 166 "http://192.168.10.166/activity?activityId=2" "Mozilla/5.0 (Windows NT 10.0; Win64; x64) AppleWebKit/537.36 (KHTML, like Gecko) Chrome/126.0.0.0 Safari/537.36"
192.168.30.103 - - [14/Jul/2024:13:28:01 +0800] "GET /api/club/detail?clubId=2 HTTP/1.1" 200 230 "http://192.168.10.166/activity?activityId=2" "Mozilla/5.0 (Windows NT 10.0; Win64; x64) AppleWebKit/537.36 (KHTML, like Gecko) Chrome/126.0.0.0 Safari/537.36"
192.168.30.103 - - [14/Jul/2024:13:28:10 +0800] "POST /api/activity/comment HTTP/1.1" 200 58 "http://192.168.10.166/activity?activityId=2" "Mozilla/5.0 (Windows NT 10.0; Win64; x64) AppleWebKit/537.36 (KHTML, like Gecko) Chrome/126.0.0.0 Safari/537.36"
192.168.30.103 - - [14/Jul/2024:13:28:10 +0800] "GET /api/activity/comment?activityId=2 HTTP/1.1" 200 602 "http://192.168.10.166/activity?activityId=2" "Mozilla/5.0 (Windows NT 10.0; Win64; x64) AppleWebKit/537.36 (KHTML, like Gecko) Chrome/126.0.0.0 Safari/537.36"
192.168.30.103 - - [14/Jul/2024:13:28:14 +0800] "GET /api/user/userinfo HTTP/1.1" 200 274 "http://192.168.10.166/main/activity" "Mozilla/5.0 (Windows NT 10.0; Win64; x64) AppleWebKit/537.36 (KHTML, like Gecko) Chrome/126.0.0.0 Safari/537.36"
192.168.10.181 - - [14/Jul/2024:13:28:33 +0800] "POST /api/user/login HTTP/1.1" 200 247 "http://192.168.10.166/login" "Mozilla/5.0 (Windows NT 10.0; Win64; x64) AppleWebKit/537.36 (KHTML, like Gecko) Chrome/126.0.0.0 Safari/537.36 Edg/126.0.0.0"
192.168.10.181 - - [14/Jul/2024:13:28:33 +0800] "GET /api/user/userinfo HTTP/1.1" 200 176 "http://192.168.10.166/main/activity" "Mozilla/5.0 (Windows NT 10.0; Win64; x64) AppleWebKit/537.36 (KHTML, like Gecko) Chrome/126.0.0.0 Safari/537.36 Edg/126.0.0.0"
192.168.30.103 - - [14/Jul/2024:13:28:39 +0800] "GET /main/activity HTTP/1.1" 200 430 "-" "Mozilla/5.0 (Windows NT 10.0; Win64; x64) AppleWebKit/537.36 (KHTML, like Gecko) Chrome/126.0.0.0 Safari/537.36"
192.168.30.103 - - [14/Jul/2024:13:28:39 +0800] "GET /assets/index-s-GTeyCm.js HTTP/1.1" 304 0 "http://192.168.10.166/main/activity" "Mozilla/5.0 (Windows NT 10.0; Win64; x64) AppleWebKit/537.36 (KHTML, like Gecko) Chrome/126.0.0.0 Safari/537.36"
192.168.30.103 - - [14/Jul/2024:13:28:39 +0800] "GET /assets/index-BtGLBwza.css HTTP/1.1" 304 0 "http://192.168.10.166/main/activity" "Mozilla/5.0 (Windows NT 10.0; Win64; x64) AppleWebKit/537.36 (KHTML, like Gecko) Chrome/126.0.0.0 Safari/537.36"
192.168.30.103 - - [14/Jul/2024:13:28:39 +0800] "GET /assets/%E7%A4%BE%E5%9B%A21-CR4-UczJ.js HTTP/1.1" 304 0 "http://192.168.10.166/assets/index-s-GTeyCm.js" "Mozilla/5.0 (Windows NT 10.0; Win64; x64) AppleWebKit/537.36 (KHTML, like Gecko) Chrome/126.0.0.0 Safari/537.36"
192.168.30.103 - - [14/Jul/2024:13:28:39 +0800] "GET /assets/%E7%A4%BE%E5%9B%A23-sOjhnnGk.js HTTP/1.1" 304 0 "http://192.168.10.166/assets/index-s-GTeyCm.js" "Mozilla/5.0 (Windows NT 10.0; Win64; x64) AppleWebKit/537.36 (KHTML, like Gecko) Chrome/126.0.0.0 Safari/537.36"
192.168.30.103 - - [14/Jul/2024:13:28:39 +0800] "GET /assets/%E7%A4%BE%E5%9B%A22-BKwhSGtv.js HTTP/1.1" 304 0 "http://192.168.10.166/assets/index-s-GTeyCm.js" "Mozilla/5.0 (Windows NT 10.0; Win64; x64) AppleWebKit/537.36 (KHTML, like Gecko) Chrome/126.0.0.0 Safari/537.36"
192.168.30.103 - - [14/Jul/2024:13:28:39 +0800] "GET /assets/%E7%A4%BE%E5%9B%A22-DwtHY700.jpg HTTP/1.1" 304 0 "http://192.168.10.166/main/activity" "Mozilla/5.0 (Windows NT 10.0; Win64; x64) AppleWebKit/537.36 (KHTML, like Gecko) Chrome/126.0.0.0 Safari/537.36"
192.168.30.103 - - [14/Jul/2024:13:28:39 +0800] "GET /assets/%E7%A4%BE%E5%9B%A21-BdYlAick.jpg HTTP/1.1" 304 0 "http://192.168.10.166/main/activity" "Mozilla/5.0 (Windows NT 10.0; Win64; x64) AppleWebKit/537.36 (KHTML, like Gecko) Chrome/126.0.0.0 Safari/537.36"
192.168.30.103 - - [14/Jul/2024:13:28:39 +0800] "GET /assets/%E7%A4%BE%E5%9B%A23-BC5QYsKm.jpg HTTP/1.1" 304 0 "http://192.168.10.166/main/activity" "Mozilla/5.0 (Windows NT 10.0; Win64; x64) AppleWebKit/537.36 (KHTML, like Gecko) Chrome/126.0.0.0 Safari/537.36"
192.168.30.103 - - [14/Jul/2024:13:28:39 +0800] "GET /api/user/userinfo HTTP/1.1" 200 274 "http://192.168.10.166/main/activity" "Mozilla/5.0 (Windows NT 10.0; Win64; x64) AppleWebKit/537.36 (KHTML, like Gecko) Chrome/126.0.0.0 Safari/537.36"
192.168.30.103 - - [14/Jul/2024:13:28:43 +0800] "GET /api/activity/comment?activityId=2 HTTP/1.1" 200 602 "http://192.168.10.166/activity?activityId=2" "Mozilla/5.0 (Windows NT 10.0; Win64; x64) AppleWebKit/537.36 (KHTML, like Gecko) Chrome/126.0.0.0 Safari/537.36"
192.168.30.103 - - [14/Jul/2024:13:28:43 +0800] "GET /api/activity/detail?activityId=2 HTTP/1.1" 200 310 "http://192.168.10.166/activity?activityId=2" "Mozilla/5.0 (Windows NT 10.0; Win64; x64) AppleWebKit/537.36 (KHTML, like Gecko) Chrome/126.0.0.0 Safari/537.36"
192.168.30.103 - - [14/Jul/2024:13:28:43 +0800] "GET /assets/default-DSfpV9e6.png HTTP/1.1" 304 0 "http://192.168.10.166/activity?activityId=2" "Mozilla/5.0 (Windows NT 10.0; Win64; x64) AppleWebKit/537.36 (KHTML, like Gecko) Chrome/126.0.0.0 Safari/537.36"
192.168.30.103 - - [14/Jul/2024:13:28:43 +0800] "GET /api/user/detail?userId=3 HTTP/1.1" 200 166 "http://192.168.10.166/activity?activityId=2" "Mozilla/5.0 (Windows NT 10.0; Win64; x64) AppleWebKit/537.36 (KHTML, like Gecko) Chrome/126.0.0.0 Safari/537.36"
192.168.30.103 - - [14/Jul/2024:13:28:43 +0800] "GET /api/club/detail?clubId=2 HTTP/1.1" 200 230 "http://192.168.10.166/activity?activityId=2" "Mozilla/5.0 (Windows NT 10.0; Win64; x64) AppleWebKit/537.36 (KHTML, like Gecko) Chrome/126.0.0.0 Safari/537.36"
192.168.10.181 - - [14/Jul/2024:13:28:44 +0800] "GET /assets/defaultActivity-DAqDaK3w.jpg HTTP/1.1" 304 0 "http://192.168.10.166/activity?activityId=3" "Mozilla/5.0 (Windows NT 10.0; Win64; x64) AppleWebKit/537.36 (KHTML, like Gecko) Chrome/126.0.0.0 Safari/537.36 Edg/126.0.0.0"
192.168.10.181 - - [14/Jul/2024:13:28:44 +0800] "GET /api/activity/detail?activityId=3 HTTP/1.1" 200 295 "http://192.168.10.166/activity?activityId=3" "Mozilla/5.0 (Windows NT 10.0; Win64; x64) AppleWebKit/537.36 (KHTML, like Gecko) Chrome/126.0.0.0 Safari/537.36 Edg/126.0.0.0"
192.168.10.181 - - [14/Jul/2024:13:28:44 +0800] "GET /api/activity/comment?activityId=3 HTTP/1.1" 200 360 "http://192.168.10.166/activity?activityId=3" "Mozilla/5.0 (Windows NT 10.0; Win64; x64) AppleWebKit/537.36 (KHTML, like Gecko) Chrome/126.0.0.0 Safari/537.36 Edg/126.0.0.0"
192.168.10.181 - - [14/Jul/2024:13:28:44 +0800] "GET /api/user/detail?userId=6 HTTP/1.1" 200 268 "http://192.168.10.166/activity?activityId=3" "Mozilla/5.0 (Windows NT 10.0; Win64; x64) AppleWebKit/537.36 (KHTML, like Gecko) Chrome/126.0.0.0 Safari/537.36 Edg/126.0.0.0"
